Archive member included to satisfy reference by file (symbol)

/usr/lib/gcc/arm-none-eabi/10.3.1/thumb/v6-m/nofp/libgcc.a(_dvmd_tls.o)
                              CMakeFiles/Stepper.dir/home/uzygncr/pico/pico-sdk/src/rp2_common/pico_divider/divider_hardware.S.o (__aeabi_idiv0)
/usr/lib/gcc/arm-none-eabi/10.3.1/../../../arm-none-eabi/lib/thumb/v6-m/nofp/libg.a(lib_a-atexit.o)
                              /usr/lib/gcc/arm-none-eabi/10.3.1/../../../arm-none-eabi/lib/thumb/v6-m/nofp/crt0.o (atexit)
/usr/lib/gcc/arm-none-eabi/10.3.1/../../../arm-none-eabi/lib/thumb/v6-m/nofp/libg.a(lib_a-atoi.o)
                              CMakeFiles/Stepper.dir/home/uzygncr/pico/pico-sdk/lib/lwip/src/core/netif.c.o (atoi)
/usr/lib/gcc/arm-none-eabi/10.3.1/../../../arm-none-eabi/lib/thumb/v6-m/nofp/libg.a(lib_a-calloc.o)
                              CMakeFiles/Stepper.dir/home/uzygncr/pico/pico-sdk/src/rp2_common/pico_malloc/malloc.c.o (calloc)
/usr/lib/gcc/arm-none-eabi/10.3.1/../../../arm-none-eabi/lib/thumb/v6-m/nofp/libg.a(lib_a-callocr.o)
                              /usr/lib/gcc/arm-none-eabi/10.3.1/../../../arm-none-eabi/lib/thumb/v6-m/nofp/libg.a(lib_a-calloc.o) (_calloc_r)
/usr/lib/gcc/arm-none-eabi/10.3.1/../../../arm-none-eabi/lib/thumb/v6-m/nofp/libg.a(lib_a-ctype_.o)
                              CMakeFiles/Stepper.dir/home/uzygncr/pico/pico-sdk/lib/lwip/src/core/dns.c.o (_ctype_)
/usr/lib/gcc/arm-none-eabi/10.3.1/../../../arm-none-eabi/lib/thumb/v6-m/nofp/libg.a(lib_a-fini.o)
                              /usr/lib/gcc/arm-none-eabi/10.3.1/../../../arm-none-eabi/lib/thumb/v6-m/nofp/crt0.o (__libc_fini_array)
/usr/lib/gcc/arm-none-eabi/10.3.1/../../../arm-none-eabi/lib/thumb/v6-m/nofp/libg.a(lib_a-impure.o)
                              /usr/lib/gcc/arm-none-eabi/10.3.1/../../../arm-none-eabi/lib/thumb/v6-m/nofp/libg.a(lib_a-calloc.o) (_impure_ptr)
/usr/lib/gcc/arm-none-eabi/10.3.1/../../../arm-none-eabi/lib/thumb/v6-m/nofp/libg.a(lib_a-init.o)
                              /usr/lib/gcc/arm-none-eabi/10.3.1/../../../arm-none-eabi/lib/thumb/v6-m/nofp/crt0.o (__libc_init_array)
/usr/lib/gcc/arm-none-eabi/10.3.1/../../../arm-none-eabi/lib/thumb/v6-m/nofp/libg.a(lib_a-lcltime_r.o)
                              CMakeFiles/Stepper.dir/home/uzygncr/pico/pico-sdk/src/common/pico_util/datetime.c.o (localtime_r)
/usr/lib/gcc/arm-none-eabi/10.3.1/../../../arm-none-eabi/lib/thumb/v6-m/nofp/libg.a(lib_a-malloc.o)
                              CMakeFiles/Stepper.dir/home/uzygncr/pico/pico-sdk/src/rp2_common/pico_malloc/malloc.c.o (malloc)
/usr/lib/gcc/arm-none-eabi/10.3.1/../../../arm-none-eabi/lib/thumb/v6-m/nofp/libg.a(lib_a-mallocr.o)
                              /usr/lib/gcc/arm-none-eabi/10.3.1/../../../arm-none-eabi/lib/thumb/v6-m/nofp/libg.a(lib_a-callocr.o) (_malloc_r)
/usr/lib/gcc/arm-none-eabi/10.3.1/../../../arm-none-eabi/lib/thumb/v6-m/nofp/libg.a(lib_a-memcmp.o)
                              CMakeFiles/Stepper.dir/home/uzygncr/pico/pico-sdk/lib/lwip/src/netif/ethernet.c.o (memcmp)
/usr/lib/gcc/arm-none-eabi/10.3.1/../../../arm-none-eabi/lib/thumb/v6-m/nofp/libg.a(lib_a-memmove.o)
                              CMakeFiles/Stepper.dir/home/uzygncr/pico/pico-sdk/lib/lwip/src/core/def.c.o (memmove)
/usr/lib/gcc/arm-none-eabi/10.3.1/../../../arm-none-eabi/lib/thumb/v6-m/nofp/libg.a(lib_a-mktime.o)
                              CMakeFiles/Stepper.dir/home/uzygncr/pico/pico-sdk/src/common/pico_util/datetime.c.o (mktime)
/usr/lib/gcc/arm-none-eabi/10.3.1/../../../arm-none-eabi/lib/thumb/v6-m/nofp/libg.a(lib_a-mlock.o)
                              /usr/lib/gcc/arm-none-eabi/10.3.1/../../../arm-none-eabi/lib/thumb/v6-m/nofp/libg.a(lib_a-mallocr.o) (__malloc_lock)
/usr/lib/gcc/arm-none-eabi/10.3.1/../../../arm-none-eabi/lib/thumb/v6-m/nofp/libg.a(lib_a-month_lengths.o)
                              /usr/lib/gcc/arm-none-eabi/10.3.1/../../../arm-none-eabi/lib/thumb/v6-m/nofp/libg.a(lib_a-lcltime_r.o) (__month_lengths)
/usr/lib/gcc/arm-none-eabi/10.3.1/../../../arm-none-eabi/lib/thumb/v6-m/nofp/libg.a(lib_a-realloc.o)
                              CMakeFiles/Stepper.dir/home/uzygncr/pico/pico-sdk/src/rp2_common/pico_malloc/malloc.c.o (realloc)
/usr/lib/gcc/arm-none-eabi/10.3.1/../../../arm-none-eabi/lib/thumb/v6-m/nofp/libg.a(lib_a-reallocr.o)
                              /usr/lib/gcc/arm-none-eabi/10.3.1/../../../arm-none-eabi/lib/thumb/v6-m/nofp/libg.a(lib_a-realloc.o) (_realloc_r)
/usr/lib/gcc/arm-none-eabi/10.3.1/../../../arm-none-eabi/lib/thumb/v6-m/nofp/libg.a(lib_a-sbrkr.o)
                              /usr/lib/gcc/arm-none-eabi/10.3.1/../../../arm-none-eabi/lib/thumb/v6-m/nofp/libg.a(lib_a-mallocr.o) (_sbrk_r)
/usr/lib/gcc/arm-none-eabi/10.3.1/../../../arm-none-eabi/lib/thumb/v6-m/nofp/libg.a(lib_a-strlen-stub.o)
                              CMakeFiles/Stepper.dir/home/uzygncr/pico/pico-sdk/lib/lwip/src/core/def.c.o (strlen)
[...]
Memory Configuration

Name             Origin             Length             Attributes
FLASH            0x0000000010000000 0x0000000000200000 xr
RAM              0x0000000020000000 0x0000000000040000 xrw
SCRATCH_X        0x0000000020040000 0x0000000000001000 xrw
SCRATCH_Y        0x0000000020041000 0x0000000000001000 xrw
*default*        0x0000000000000000 0xffffffffffffffff

Linker script and memory map

LOAD /usr/lib/gcc/arm-none-eabi/10.3.1/thumb/v6-m/nofp/crti.o
LOAD /usr/lib/gcc/arm-none-eabi/10.3.1/thumb/v6-m/nofp/crtbegin.o
LOAD /usr/lib/gcc/arm-none-eabi/10.3.1/../../../arm-none-eabi/lib/thumb/v6-m/nofp/crt0.o

.flash_begin    0x0000000010000000        0x0
                0x0000000010000000                __flash_binary_start = .

.boot2          0x0000000010000000      0x100
                0x0000000010000000                __boot2_start__ = .
 *(.boot2)
 .boot2         0x0000000010000000      0x100 pico-sdk/src/rp2040/boot_stage2/CMakeFiles/bs2_default_library.dir/bs2_default_padded_checksummed.S.o
                0x0000000010000100                __boot2_end__ = .
                0x0000000000000001                ASSERT (((__boot2_end__ - __boot2_start__) == 0x100), ERROR: Pico second stage bootloader must be 256 bytes in size)

.text           0x0000000010000100     0x1794
                0x0000000010000100                __logical_binary_start = .
 *(.vectors)
 .vectors       0x0000000010000100       0xd4 CMakeFiles/Stepper.dir/home/uzygncr/pico/pico-sdk/src/rp2_common/pico_crt0/crt0.S.o
                0x0000000010000100                __vectors
                0x0000000010000100                __VECTOR_TABLE
                0x00000000100001c0                isr_invalid
                0x00000000100001c0                __default_isrs_start
                0x00000000100001c2                isr_nmi
                0x00000000100001c4                isr_hardfault
                0x00000000100001c6                isr_svcall
                0x00000000100001c8                isr_pendsv
                0x00000000100001ca                isr_systick
                0x00000000100001cc                isr_irq30
                0x00000000100001cc                __unhandled_user_irq
                0x00000000100001cc                isr_irq13
                0x00000000100001cc                isr_irq27
                0x00000000100001cc                isr_irq31
                0x00000000100001cc                isr_irq5
                0x00000000100001cc                isr_irq11
                0x00000000100001cc                isr_irq23
                0x00000000100001cc                isr_irq18
                0x00000000100001cc                isr_irq28
                0x00000000100001cc                isr_irq19
                0x00000000100001cc                isr_irq0
                0x00000000100001cc                isr_irq6
                0x00000000100001cc                isr_irq22
                0x00000000100001cc                isr_irq17
                0x00000000100001cc                isr_irq14
                0x00000000100001cc                isr_irq2
                0x00000000100001cc                isr_irq10
                0x00000000100001cc                isr_irq8
                0x00000000100001cc                isr_irq24
                0x00000000100001cc                isr_irq1
                0x00000000100001cc                isr_irq7
                0x00000000100001cc                isr_irq21
                0x00000000100001cc                isr_irq20
                0x00000000100001cc                isr_irq15
                0x00000000100001cc                isr_irq25
                0x00000000100001cc                isr_irq4
                0x00000000100001cc                isr_irq16
                0x00000000100001cc                isr_irq29
                0x00000000100001cc                isr_irq26
                0x00000000100001cc                __default_isrs_end
                0x00000000100001cc                isr_irq3
                0x00000000100001cc                isr_irq12
                0x00000000100001cc                isr_irq9
                0x00000000100001d2                unhandled_user_irq_num_in_r0
 *(.binary_info_header)
 .binary_info_header
                0x00000000100001d4       0x14 CMakeFiles/Stepper.dir/home/uzygncr/pico/pico-sdk/src/rp2_common/pico_crt0/crt0.S.o
                0x00000000100001e8                __binary_info_header_end = .
 *(.embedded_block)
                0x00000000100001e8                __embedded_block_end = .
 *(.reset)
 .reset         0x00000000100001e8       0x9c CMakeFiles/Stepper.dir/home/uzygncr/pico/pico-sdk/src/rp2_common/pico_crt0/crt0.S.o
                0x00000000100001e8                _entry_point
 *(.init)
 .init          0x0000000010000284        0x4 /usr/lib/gcc/arm-none-eabi/10.3.1/thumb/v6-m/nofp/crti.o
                0x0000000010000284                _init
 *(EXCLUDE_FILE(*libm.a: *libc.a:*lib_a-mem*.o *libgcc.a:) .text*)
 .text          0x0000000010000288       0x98 /usr/lib/gcc/arm-none-eabi/10.3.1/thumb/v6-m/nofp/crtbegin.o
 .text._Z5setupv
                0x0000000010000320       0x24 CMakeFiles/Stepper.dir/Stepper.cpp.o
                0x0000000010000320                setup()
 .text._Z4loopv
                0x0000000010000344       0xa4 CMakeFiles/Stepper.dir/Stepper.cpp.o
                0x0000000010000344                loop()
 .text.startup.main
                0x00000000100003e8        0xc CMakeFiles/Stepper.dir/Stepper.cpp.o
                0x00000000100003e8                main
 .text.panic    0x00000000100003f4       0x30 CMakeFiles/Stepper.dir/home/uzygncr/pico/pico-sdk/src/rp2_common/pico_platform_panic/panic.c.o
                0x00000000100003f4                panic
 .text.startup._retrieve_unique_id_on_boot
                0x0000000010000424       0x10 CMakeFiles/Stepper.dir/home/uzygncr/pico/pico-sdk/src/rp2_common/pico_unique_id/unique_id.c.o
 .text.flash_get_unique_id
                0x0000000010000434       0x40 CMakeFiles/Stepper.dir/home/uzygncr/pico/pico-sdk/src/rp2_common/hardware_flash/flash.c.o
                0x0000000010000434                flash_get_unique_id
 .text.hw_claim_or_assert
                0x0000000010000474       0x44 CMakeFiles/Stepper.dir/home/uzygncr/pico/pico-sdk/src/common/hardware_claim/claim.c.o
                0x0000000010000474                hw_claim_or_assert
 .text.next_striped_spin_lock_num
                0x00000000100004b8       0x18 CMakeFiles/Stepper.dir/home/uzygncr/pico/pico-sdk/src/rp2_common/hardware_sync/sync.c.o
                0x00000000100004b8                next_striped_spin_lock_num
 .text.spin_locks_reset
                0x00000000100004d0       0x1c CMakeFiles/Stepper.dir/home/uzygncr/pico/pico-sdk/src/rp2_common/hardware_sync_spin_lock/sync_spin_lock.c.o
                0x00000000100004d0                spin_locks_reset
 .text.rom_func_lookup
                0x00000000100004ec       0x10 CMakeFiles/Stepper.dir/home/uzygncr/pico/pico-sdk/src/rp2_common/pico_bootrom/bootrom.c.o
                0x00000000100004ec                rom_func_lookup
 .text.rom_data_lookup
                0x00000000100004fc       0x10 CMakeFiles/Stepper.dir/home/uzygncr/pico/pico-sdk/src/rp2_common/pico_bootrom/bootrom.c.o
                0x00000000100004fc                rom_data_lookup
 .text.rom_funcs_lookup
                0x000000001000050c       0x44 CMakeFiles/Stepper.dir/home/uzygncr/pico/pico-sdk/src/rp2_common/pico_bootrom/bootrom.c.o
                0x000000001000050c                rom_funcs_lookup
 .text.sleep_until_callback
                0x0000000010000550       0x30 CMakeFiles/Stepper.dir/home/uzygncr/pico/pico-sdk/src/common/pico_time/time.c.o
 .text.alarm_pool_irq_handler
                0x0000000010000580      0x308 CMakeFiles/Stepper.dir/home/uzygncr/pico/pico-sdk/src/common/pico_time/time.c.o
 .text.runtime_init_default_alarm_pool
                0x0000000010000888       0xdc CMakeFiles/Stepper.dir/home/uzygncr/pico/pico-sdk/src/common/pico_time/time.c.o
                0x0000000010000888                runtime_init_default_alarm_pool
 .text.alarm_pool_add_alarm_at_force_in_context
                0x0000000010000964       0xb0 CMakeFiles/Stepper.dir/home/uzygncr/pico/pico-sdk/src/common/pico_time/time.c.o
                0x0000000010000964                alarm_pool_add_alarm_at_force_in_context
 .text.alarm_pool_cancel_alarm
                0x0000000010000a14       0x7c CMakeFiles/Stepper.dir/home/uzygncr/pico/pico-sdk/src/common/pico_time/time.c.o
                0x0000000010000a14                alarm_pool_cancel_alarm
 .text.sleep_until
                0x0000000010000a90       0xd0 CMakeFiles/Stepper.dir/home/uzygncr/pico/pico-sdk/src/common/pico_time/time.c.o
                0x0000000010000a90                sleep_until
 .text.sleep_us
                0x0000000010000b60       0x24 CMakeFiles/Stepper.dir/home/uzygncr/pico/pico-sdk/src/common/pico_time/time.c.o
                0x0000000010000b60                sleep_us
 .text.sleep_ms
                0x0000000010000b84       0x34 CMakeFiles/Stepper.dir/home/uzygncr/pico/pico-sdk/src/common/pico_time/time.c.o
                0x0000000010000b84                sleep_ms
 .text.best_effort_wfe_or_timeout
                0x0000000010000bb8       0xe0 CMakeFiles/Stepper.dir/home/uzygncr/pico/pico-sdk/src/common/pico_time/time.c.o
                0x0000000010000bb8                best_effort_wfe_or_timeout
 .text.timer_hardware_alarm_claim
                0x0000000010000c98       0x14 CMakeFiles/Stepper.dir/home/uzygncr/pico/pico-sdk/src/rp2_common/hardware_timer/timer.c.o
                0x0000000010000c98                timer_hardware_alarm_claim
 .text.timer_time_us_64
                0x0000000010000cac       0x10 CMakeFiles/Stepper.dir/home/uzygncr/pico/pico-sdk/src/rp2_common/hardware_timer/timer.c.o
                0x0000000010000cac                timer_time_us_64
 .text.time_us_64
                0x0000000010000cbc       0x14 CMakeFiles/Stepper.dir/home/uzygncr/pico/pico-sdk/src/rp2_common/hardware_timer/timer.c.o
                0x0000000010000cbc                time_us_64
 .text.busy_wait_until
                0x0000000010000cd0       0x20 CMakeFiles/Stepper.dir/home/uzygncr/pico/pico-sdk/src/rp2_common/hardware_timer/timer.c.o
                0x0000000010000cd0                busy_wait_until
 .text.runtime_init_per_core_irq_priorities
                0x0000000010000cf0       0x24 CMakeFiles/Stepper.dir/home/uzygncr/pico/pico-sdk/src/rp2_common/hardware_irq/irq.c.o
                0x0000000010000cf0                runtime_init_per_core_irq_priorities
 .text.irq_set_enabled
                0x0000000010000d14       0x24 CMakeFiles/Stepper.dir/home/uzygncr/pico/pico-sdk/src/rp2_common/hardware_irq/irq.c.o
                0x0000000010000d14                irq_set_enabled
 .text.irq_set_exclusive_handler
                0x0000000010000d38       0x54 CMakeFiles/Stepper.dir/home/uzygncr/pico/pico-sdk/src/rp2_common/hardware_irq/irq.c.o
                0x0000000010000d38                irq_set_exclusive_handler
 .text.lock_init
                0x0000000010000d8c       0x10 CMakeFiles/Stepper.dir/home/uzygncr/pico/pico-sdk/src/common/pico_sync/lock_core.c.o
                0x0000000010000d8c                lock_init
 .text.runtime_init_mutex
                0x0000000010000d9c       0x58 CMakeFiles/Stepper.dir/home/uzygncr/pico/pico-sdk/src/common/pico_sync/mutex.c.o
                0x0000000010000d9c                runtime_init_mutex
 .text.clock_configure_int_divider
                0x0000000010000df4       0xf4 CMakeFiles/Stepper.dir/home/uzygncr/pico/pico-sdk/src/rp2_common/hardware_clocks/clocks.c.o
                0x0000000010000df4                clock_configure_int_divider
 .text.clock_configure_undivided
                0x0000000010000ee8       0xe8 CMakeFiles/Stepper.dir/home/uzygncr/pico/pico-sdk/src/rp2_common/hardware_clocks/clocks.c.o
                0x0000000010000ee8                clock_configure_undivided
 .text.clock_get_hz
                0x0000000010000fd0        0xc CMakeFiles/Stepper.dir/home/uzygncr/pico/pico-sdk/src/rp2_common/hardware_clocks/clocks.c.o
                0x0000000010000fd0                clock_get_hz
 .text.gpio_init
                0x0000000010000fdc       0x40 CMakeFiles/Stepper.dir/home/uzygncr/pico/pico-sdk/src/rp2_common/hardware_gpio/gpio.c.o
                0x0000000010000fdc                gpio_init
 .text.pll_init
                0x000000001000101c       0xa0 CMakeFiles/Stepper.dir/home/uzygncr/pico/pico-sdk/src/rp2_common/hardware_pll/pll.c.o
                0x000000001000101c                pll_init
 .text.tick_start
                0x00000000100010bc       0x10 CMakeFiles/Stepper.dir/home/uzygncr/pico/pico-sdk/src/rp2_common/hardware_ticks/ticks.c.o
                0x00000000100010bc                tick_start
 .text.xosc_init
                0x00000000100010cc       0x28 CMakeFiles/Stepper.dir/home/uzygncr/pico/pico-sdk/src/rp2_common/hardware_xosc/xosc.c.o
                0x00000000100010cc                xosc_init
 .text.first_per_core_initializer
                0x00000000100010f4        0x4 CMakeFiles/Stepper.dir/home/uzygncr/pico/pico-sdk/src/rp2_common/pico_runtime/runtime.c.o
 .text.hard_assertion_failure
                0x00000000100010f8        0xc CMakeFiles/Stepper.dir/home/uzygncr/pico/pico-sdk/src/rp2_common/pico_runtime/runtime.c.o
                0x00000000100010f8                hard_assertion_failure
 .text.runtime_run_initializers
                0x0000000010001104       0x28 CMakeFiles/Stepper.dir/home/uzygncr/pico/pico-sdk/src/rp2_common/pico_runtime/runtime.c.o
                0x0000000010001104                runtime_run_initializers
 .text.runtime_init_early_resets
                0x000000001000112c       0x2c CMakeFiles/Stepper.dir/home/uzygncr/pico/pico-sdk/src/rp2_common/pico_runtime_init/runtime_init.c.o
                0x000000001000112c                runtime_init_early_resets
 .text.runtime_init_usb_power_down
                0x0000000010001158       0x1c CMakeFiles/Stepper.dir/home/uzygncr/pico/pico-sdk/src/rp2_common/pico_runtime_init/runtime_init.c.o
                0x0000000010001158                runtime_init_usb_power_down
 .text.runtime_init_post_clock_resets
                0x0000000010001174       0x20 CMakeFiles/Stepper.dir/home/uzygncr/pico/pico-sdk/src/rp2_common/pico_runtime_init/runtime_init.c.o
                0x0000000010001174                runtime_init_post_clock_resets
 .text.runtime_init_rp2040_gpio_ie_disable
                0x0000000010001194       0x14 CMakeFiles/Stepper.dir/home/uzygncr/pico/pico-sdk/src/rp2_common/pico_runtime_init/runtime_init.c.o
                0x0000000010001194                runtime_init_rp2040_gpio_ie_disable
 .text.runtime_init_spin_locks_reset
                0x00000000100011a8        0x8 CMakeFiles/Stepper.dir/home/uzygncr/pico/pico-sdk/src/rp2_common/pico_runtime_init/runtime_init.c.o
                0x00000000100011a8                runtime_init_spin_locks_reset
 .text.runtime_init_install_ram_vector_table
                0x00000000100011b0       0x1c CMakeFiles/Stepper.dir/home/uzygncr/pico/pico-sdk/src/rp2_common/pico_runtime_init/runtime_init.c.o
                0x00000000100011b0                runtime_init_install_ram_vector_table
 .text.runtime_init_clocks
                0x00000000100011cc       0xd8 CMakeFiles/Stepper.dir/home/uzygncr/pico/pico-sdk/src/rp2_common/pico_runtime_init/runtime_init_clocks.c.o
                0x00000000100011cc                runtime_init_clocks
 .text          0x00000000100012a4       0x10 CMakeFiles/Stepper.dir/home/uzygncr/pico/pico-sdk/src/rp2_common/pico_bit_ops/bit_ops_aeabi.S.o
 .text.__wrap___aeabi_uidiv
                0x00000000100012b4       0x4c CMakeFiles/Stepper.dir/home/uzygncr/pico/pico-sdk/src/rp2_common/pico_divider/divider_hardware.S.o
                0x00000000100012b4                __wrap___aeabi_uidiv
                0x00000000100012b4                __wrap___aeabi_uidivmod
                0x00000000100012b4                div_u32u32
                0x00000000100012b4                divmod_u32u32
                0x00000000100012bc                divmod_u32u32_unsafe
                0x00000000100012e4                divmod_u32u32_savestate
 .text.missing_double_func_shim
                0x0000000010001300        0xc CMakeFiles/Stepper.dir/home/uzygncr/pico/pico-sdk/src/rp2_common/pico_double/double_init_rom_rp2040.c.o
 .text.__aeabi_double_init
                0x000000001000130c       0xa4 CMakeFiles/Stepper.dir/home/uzygncr/pico/pico-sdk/src/rp2_common/pico_double/double_init_rom_rp2040.c.o
                0x000000001000130c                __aeabi_double_init
 .text.double_table_shim_on_use_helper
                0x00000000100013b0       0x2c CMakeFiles/Stepper.dir/home/uzygncr/pico/pico-sdk/src/rp2_common/pico_double/double_v1_rom_shim_rp2040.S.o
                0x00000000100013b0                double_table_shim_on_use_helper
 .text.__aeabi_lmul
                0x00000000100013dc       0x32 CMakeFiles/Stepper.dir/home/uzygncr/pico/pico-sdk/src/rp2_common/pico_int64_ops/pico_int64_ops_aeabi.S.o
                0x00000000100013dc                __wrap___aeabi_lmul
 *fill*         0x000000001000140e        0x2 
 .text.missing_float_func_shim
                0x0000000010001410        0xc CMakeFiles/Stepper.dir/home/uzygncr/pico/pico-sdk/src/rp2_common/pico_float/float_init_rom_rp2040.c.o
 .text.__aeabi_float_init
                0x000000001000141c       0x5c CMakeFiles/Stepper.dir/home/uzygncr/pico/pico-sdk/src/rp2_common/pico_float/float_init_rom_rp2040.c.o
                0x000000001000141c                __aeabi_float_init
 .text          0x0000000010001478       0x10 CMakeFiles/Stepper.dir/home/uzygncr/pico/pico-sdk/src/rp2_common/pico_mem_ops/mem_ops_aeabi.S.o
                0x0000000010001478                __aeabi_mem_init
 .text.memset   0x0000000010001488        0xc CMakeFiles/Stepper.dir/home/uzygncr/pico/pico-sdk/src/rp2_common/pico_mem_ops/mem_ops_aeabi.S.o
                0x0000000010001488                __wrap_memset
 .text.memcpy   0x0000000010001494        0xc CMakeFiles/Stepper.dir/home/uzygncr/pico/pico-sdk/src/rp2_common/pico_mem_ops/mem_ops_aeabi.S.o
                0x0000000010001494                __wrap___aeabi_memcpy
                0x0000000010001494                __wrap_memcpy
 .text._out_char
                0x00000000100014a0       0x10 CMakeFiles/Stepper.dir/home/uzygncr/pico/pico-sdk/src/rp2_common/pico_printf/printf.c.o
 .text.weak_raw_vprintf
                0x00000000100014b0       0x30 CMakeFiles/Stepper.dir/home/uzygncr/pico/pico-sdk/src/rp2_common/pico_printf/printf.c.o
                0x00000000100014b0                weak_raw_vprintf
 .text._exit    0x00000000100014e0        0x4 CMakeFiles/Stepper.dir/home/uzygncr/pico/pico-sdk/src/rp2_common/pico_clib_interface/newlib_interface.c.o
                0x00000000100014e0                _exit
 .text.exit     0x00000000100014e4        0x8 CMakeFiles/Stepper.dir/home/uzygncr/pico/pico-sdk/src/rp2_common/pico_clib_interface/newlib_interface.c.o
                0x00000000100014e4                exit
 .text.runtime_init
                0x00000000100014ec       0x2c CMakeFiles/Stepper.dir/home/uzygncr/pico/pico-sdk/src/rp2_common/pico_clib_interface/newlib_interface.c.o
                0x00000000100014ec                runtime_init
 .text.stdio_out_chars_no_crlf
                0x0000000010001518       0x10 CMakeFiles/Stepper.dir/home/uzygncr/pico/pico-sdk/src/rp2_common/pico_stdio/stdio.c.o
 .text.stdio_out_chars_crlf
                0x0000000010001528       0xb4 CMakeFiles/Stepper.dir/home/uzygncr/pico/pico-sdk/src/rp2_common/pico_stdio/stdio.c.o
 .text.stdio_put_string
                0x00000000100015dc      0x100 CMakeFiles/Stepper.dir/home/uzygncr/pico/pico-sdk/src/rp2_common/pico_stdio/stdio.c.o
                0x00000000100015dc                stdio_put_string
 .text.__wrap_putchar
                0x00000000100016dc       0x98 CMakeFiles/Stepper.dir/home/uzygncr/pico/pico-sdk/src/rp2_common/pico_stdio/stdio.c.o
                0x00000000100016dc                stdio_putchar
                0x00000000100016dc                __wrap_putchar
 .text.__wrap_puts
                0x0000000010001774       0x3c CMakeFiles/Stepper.dir/home/uzygncr/pico/pico-sdk/src/rp2_common/pico_stdio/stdio.c.o
                0x0000000010001774                __wrap_puts
                0x0000000010001774                stdio_puts
 .text          0x00000000100017b0       0x5c /usr/lib/gcc/arm-none-eabi/10.3.1/../../../arm-none-eabi/lib/thumb/v6-m/nofp/libg.a(lib_a-strlen-stub.o)
                0x00000000100017b0                strlen
 *(.fini)
 .fini          0x000000001000180c        0x4 /usr/lib/gcc/arm-none-eabi/10.3.1/thumb/v6-m/nofp/crti.o
                0x000000001000180c                _fini
 .fini.__stub   0x0000000010001810       0x40 linker stubs
 *crtbegin.o(.ctors)
 *crtbegin?.o(.ctors)
 *(EXCLUDE_FILE(*crtend.o *crtend?.o) .ctors)
 *(SORT_BY_NAME(.ctors.*))
 *(.ctors)
 *crtbegin.o(.dtors)
 *crtbegin?.o(.dtors)
 *(EXCLUDE_FILE(*crtend.o *crtend?.o) .dtors)
 *(SORT_BY_NAME(.dtors.*))
 *(.dtors)
                0x0000000010001850                . = ALIGN (0x4)
                0x0000000010001850                PROVIDE (__preinit_array_start = .)
 *(SORT_BY_NAME(.preinit_array.*))
 .preinit_array.00100
                0x0000000010001850        0x4 CMakeFiles/Stepper.dir/home/uzygncr/pico/pico-sdk/src/rp2_common/pico_runtime_init/runtime_init.c.o
                0x0000000010001850                __pre_init_runtime_init_early_resets
 .preinit_array.00101
                0x0000000010001854        0x4 CMakeFiles/Stepper.dir/home/uzygncr/pico/pico-sdk/src/rp2_common/pico_runtime_init/runtime_init.c.o
                0x0000000010001854                __pre_init_runtime_init_usb_power_down
 .preinit_array.00275
                0x0000000010001858        0x4 CMakeFiles/Stepper.dir/home/uzygncr/pico/pico-sdk/src/rp2_common/pico_bit_ops/bit_ops_aeabi.S.o
 .preinit_array.00300
                0x000000001000185c        0x4 CMakeFiles/Stepper.dir/home/uzygncr/pico/pico-sdk/src/rp2_common/pico_mem_ops/mem_ops_aeabi.S.o
 .preinit_array.00350
                0x0000000010001860        0x4 CMakeFiles/Stepper.dir/home/uzygncr/pico/pico-sdk/src/rp2_common/pico_double/double_aeabi_rp2040.S.o
 .preinit_array.00350
                0x0000000010001864        0x4 CMakeFiles/Stepper.dir/home/uzygncr/pico/pico-sdk/src/rp2_common/pico_float/float_aeabi_rp2040.S.o
 .preinit_array.00500
                0x0000000010001868        0x4 CMakeFiles/Stepper.dir/home/uzygncr/pico/pico-sdk/src/rp2_common/pico_runtime_init/runtime_init.c.o
                0x0000000010001868                __pre_init_runtime_init_clocks
 .preinit_array.00600
                0x000000001000186c        0x4 CMakeFiles/Stepper.dir/home/uzygncr/pico/pico-sdk/src/rp2_common/pico_runtime_init/runtime_init.c.o
                0x000000001000186c                __pre_init_runtime_init_post_clock_resets
 .preinit_array.00700
                0x0000000010001870        0x4 CMakeFiles/Stepper.dir/home/uzygncr/pico/pico-sdk/src/rp2_common/pico_runtime_init/runtime_init.c.o
                0x0000000010001870                __pre_init_runtime_init_rp2040_gpio_ie_disable
 .preinit_array.01000
                0x0000000010001874        0x4 CMakeFiles/Stepper.dir/home/uzygncr/pico/pico-sdk/src/rp2_common/pico_runtime_init/runtime_init.c.o
                0x0000000010001874                __pre_init_runtime_init_spin_locks_reset
 .preinit_array.01100
                0x0000000010001878        0x4 CMakeFiles/Stepper.dir/home/uzygncr/pico/pico-sdk/src/common/pico_sync/mutex.c.o
                0x0000000010001878                __pre_init_runtime_init_mutex
 .preinit_array.10080
                0x000000001000187c        0x4 CMakeFiles/Stepper.dir/home/uzygncr/pico/pico-sdk/src/rp2_common/pico_runtime_init/runtime_init.c.o
                0x000000001000187c                __pre_init_runtime_init_install_ram_vector_table
 .preinit_array.11000
                0x0000000010001880        0x4 CMakeFiles/Stepper.dir/home/uzygncr/pico/pico-sdk/src/common/pico_time/time.c.o
                0x0000000010001880                __pre_init_runtime_init_default_alarm_pool
 .preinit_array.YYYYY
                0x0000000010001884        0x4 CMakeFiles/Stepper.dir/home/uzygncr/pico/pico-sdk/src/rp2_common/pico_runtime/runtime.c.o
                0x0000000010001884                __pre_init_first_per_core_initializer
 .preinit_array.ZZZZZ.01200
                0x0000000010001888        0x4 CMakeFiles/Stepper.dir/home/uzygncr/pico/pico-sdk/src/rp2_common/hardware_irq/irq.c.o
                0x0000000010001888                __pre_init_runtime_init_per_core_irq_priorities
 *(.preinit_array)
                0x000000001000188c                PROVIDE (__preinit_array_end = .)
                0x000000001000188c                . = ALIGN (0x4)
                0x000000001000188c                PROVIDE (__init_array_start = .)
 *(SORT_BY_NAME(.init_array.*))
 *(.init_array)
 .init_array    0x000000001000188c        0x4 /usr/lib/gcc/arm-none-eabi/10.3.1/thumb/v6-m/nofp/crtbegin.o
 .init_array    0x0000000010001890        0x4 CMakeFiles/Stepper.dir/home/uzygncr/pico/pico-sdk/src/rp2_common/pico_unique_id/unique_id.c.o
                0x0000000010001894                PROVIDE (__init_array_end = .)
                0x0000000010001894                . = ALIGN (0x4)
                0x0000000010001894                PROVIDE (__fini_array_start = .)
 *(SORT_BY_NAME(.fini_array.*))
 *(.fini_array)
                0x0000000010001894                PROVIDE (__fini_array_end = .)
 *(.eh_frame*)
 .eh_frame      0x0000000010001894        0x0 /usr/lib/gcc/arm-none-eabi/10.3.1/thumb/v6-m/nofp/crtbegin.o
                0x0000000010001894                . = ALIGN (0x4)

.glue_7         0x0000000010001894        0x0
 .glue_7        0x0000000010001894        0x0 linker stubs

.glue_7t        0x0000000010001894        0x0
 .glue_7t       0x0000000010001894        0x0 linker stubs

.vfp11_veneer   0x0000000010001894        0x0
 .vfp11_veneer  0x0000000010001894        0x0 linker stubs

.v4_bx          0x0000000010001894        0x0
 .v4_bx         0x0000000010001894        0x0 linker stubs

.iplt           0x0000000010001894        0x0
 .iplt          0x0000000010001894        0x0 /usr/lib/gcc/arm-none-eabi/10.3.1/thumb/v6-m/nofp/crtbegin.o

.rodata         0x0000000010001894       0xf4
 *(EXCLUDE_FILE(*libm.a: *libc.a:*lib_a-mem*.o *libgcc.a:) .rodata*)
 .rodata.panic.str1.4
                0x0000000010001894       0x12 CMakeFiles/Stepper.dir/home/uzygncr/pico/pico-sdk/src/rp2_common/pico_platform_panic/panic.c.o
 *fill*         0x00000000100018a6        0x2 
 .rodata.timer_hardware_alarm_claim.str1.4
                0x00000000100018a8       0x22 CMakeFiles/Stepper.dir/home/uzygncr/pico/pico-sdk/src/rp2_common/hardware_timer/timer.c.o
 *fill*         0x00000000100018ca        0x2 
 .rodata.hard_assertion_failure.str1.4
                0x00000000100018cc        0xc CMakeFiles/Stepper.dir/home/uzygncr/pico/pico-sdk/src/rp2_common/pico_runtime/runtime.c.o
 .rodata.missing_double_func_shim.str1.4
                0x00000000100018d8       0x18 CMakeFiles/Stepper.dir/home/uzygncr/pico/pico-sdk/src/rp2_common/pico_double/double_init_rom_rp2040.c.o
 .rodata.missing_float_func_shim.str1.4
                0x00000000100018f0        0x1 CMakeFiles/Stepper.dir/home/uzygncr/pico/pico-sdk/src/rp2_common/pico_float/float_init_rom_rp2040.c.o
 *fill*         0x00000000100018f1        0x3 
 .rodata.str1.4
                0x00000000100018f4       0x3c CMakeFiles/Stepper.dir/home/uzygncr/pico/pico-sdk/src/rp2_common/pico_standard_binary_info/standard_binary_info.c.o
 .rodata.__bi_26
                0x0000000010001930        0xc CMakeFiles/Stepper.dir/home/uzygncr/pico/pico-sdk/src/rp2_common/pico_standard_binary_info/standard_binary_info.c.o
 .rodata.__bi_34
                0x000000001000193c        0xc CMakeFiles/Stepper.dir/home/uzygncr/pico/pico-sdk/src/rp2_common/pico_standard_binary_info/standard_binary_info.c.o
 .rodata.__bi_42
                0x0000000010001948        0xc CMakeFiles/Stepper.dir/home/uzygncr/pico/pico-sdk/src/rp2_common/pico_standard_binary_info/standard_binary_info.c.o
 .rodata.__bi_48
                0x0000000010001954        0xc CMakeFiles/Stepper.dir/home/uzygncr/pico/pico-sdk/src/rp2_common/pico_standard_binary_info/standard_binary_info.c.o
 .rodata.__bi_54
                0x0000000010001960        0xc CMakeFiles/Stepper.dir/home/uzygncr/pico/pico-sdk/src/rp2_common/pico_standard_binary_info/standard_binary_info.c.o
 .rodata.__bi_78
                0x000000001000196c        0xc CMakeFiles/Stepper.dir/home/uzygncr/pico/pico-sdk/src/rp2_common/pico_standard_binary_info/standard_binary_info.c.o
 .rodata.__bi_84
                0x0000000010001978        0xc CMakeFiles/Stepper.dir/home/uzygncr/pico/pico-sdk/src/rp2_common/pico_standard_binary_info/standard_binary_info.c.o
 .rodata.crlf_str.0
                0x0000000010001984        0x2 CMakeFiles/Stepper.dir/home/uzygncr/pico/pico-sdk/src/rp2_common/pico_stdio/stdio.c.o
                0x0000000010001988                . = ALIGN (0x4)
 *fill*         0x0000000010001986        0x2 
 *(SORT_BY_ALIGNMENT(SORT_BY_NAME(.flashdata*)))
                0x0000000010001988                . = ALIGN (0x4)

.ARM.extab
 *(.ARM.extab* .gnu.linkonce.armextab.*)
                0x0000000010001988                __exidx_start = .

.ARM.exidx
 *(.ARM.exidx* .gnu.linkonce.armexidx.*)
                0x0000000010001988                __exidx_end = .
                0x0000000010001988                . = ALIGN (0x4)
                0x0000000010001988                __binary_info_start = .

.binary_info    0x0000000010001988       0x1c
 *(.binary_info.keep.*)
 .binary_info.keep.__bi_ptr26
                0x0000000010001988        0x4 CMakeFiles/Stepper.dir/home/uzygncr/pico/pico-sdk/src/rp2_common/pico_standard_binary_info/standard_binary_info.c.o
 .binary_info.keep.__bi_ptr34
                0x000000001000198c        0x4 CMakeFiles/Stepper.dir/home/uzygncr/pico/pico-sdk/src/rp2_common/pico_standard_binary_info/standard_binary_info.c.o
 .binary_info.keep.__bi_ptr42
                0x0000000010001990        0x4 CMakeFiles/Stepper.dir/home/uzygncr/pico/pico-sdk/src/rp2_common/pico_standard_binary_info/standard_binary_info.c.o
 .binary_info.keep.__bi_ptr48
                0x0000000010001994        0x4 CMakeFiles/Stepper.dir/home/uzygncr/pico/pico-sdk/src/rp2_common/pico_standard_binary_info/standard_binary_info.c.o
 .binary_info.keep.__bi_ptr54
                0x0000000010001998        0x4 CMakeFiles/Stepper.dir/home/uzygncr/pico/pico-sdk/src/rp2_common/pico_standard_binary_info/standard_binary_info.c.o
 .binary_info.keep.__bi_ptr78
                0x000000001000199c        0x4 CMakeFiles/Stepper.dir/home/uzygncr/pico/pico-sdk/src/rp2_common/pico_standard_binary_info/standard_binary_info.c.o
 .binary_info.keep.__bi_ptr84
                0x00000000100019a0        0x4 CMakeFiles/Stepper.dir/home/uzygncr/pico/pico-sdk/src/rp2_common/pico_standard_binary_info/standard_binary_info.c.o
 *(.binary_info.*)
                0x00000000100019a4                __binary_info_end = .

.rel.dyn        0x00000000100019a4        0x0
 .rel.iplt      0x00000000100019a4        0x0 /usr/lib/gcc/arm-none-eabi/10.3.1/thumb/v6-m/nofp/crtbegin.o
                0x00000000100019a4                . = ALIGN (0x4)

.ram_vector_table
                0x0000000020000000       0xc0
 *(.ram_vector_table)
 .ram_vector_table
                0x0000000020000000       0xc0 CMakeFiles/Stepper.dir/home/uzygncr/pico/pico-sdk/src/rp2_common/pico_runtime_init/runtime_init.c.o
                0x0000000020000000                ram_vector_table

.uninitialized_data
                0x00000000200000c0        0x0
                0x00000000200000c0                . = ALIGN (0x4)
 *(.uninitialized_data*)

.data           0x00000000200000c0      0x268 load address 0x00000000100019a4
                0x00000000200000c0                __data_start__ = .
 *(vtable)
 *(.time_critical*)
 .time_critical.flash_init_boot2_copyout
                0x00000000200000c0       0x30 CMakeFiles/Stepper.dir/home/uzygncr/pico/pico-sdk/src/rp2_common/hardware_flash/flash.c.o
 .time_critical.flash_enable_xip_via_boot2
                0x00000000200000f0       0x10 CMakeFiles/Stepper.dir/home/uzygncr/pico/pico-sdk/src/rp2_common/hardware_flash/flash.c.o
 .time_critical.flash_cs_force
                0x0000000020000100       0x38 CMakeFiles/Stepper.dir/home/uzygncr/pico/pico-sdk/src/rp2_common/hardware_flash/flash.c.o
 .time_critical.flash_do_cmd
                0x0000000020000138       0xc4 CMakeFiles/Stepper.dir/home/uzygncr/pico/pico-sdk/src/rp2_common/hardware_flash/flash.c.o
                0x0000000020000138                flash_do_cmd
 .time_critical.mutex_try_enter_block_until
                0x00000000200001fc       0x9c CMakeFiles/Stepper.dir/home/uzygncr/pico/pico-sdk/src/common/pico_sync/mutex.c.o
                0x00000000200001fc                mutex_try_enter_block_until
 .time_critical.mutex_exit
                0x0000000020000298       0x28 CMakeFiles/Stepper.dir/home/uzygncr/pico/pico-sdk/src/common/pico_sync/mutex.c.o
                0x0000000020000298                mutex_exit
 *(.text*)
 .text          0x00000000200002c0        0x4 /usr/lib/gcc/arm-none-eabi/10.3.1/thumb/v6-m/nofp/libgcc.a(_dvmd_tls.o)
                0x00000000200002c0                __aeabi_ldiv0
                0x00000000200002c0                __aeabi_idiv0
 *fill*         0x00000000200002c4        0x4 
 .text.__stub   0x00000000200002c8       0x10 linker stubs
                0x00000000200002d8                . = ALIGN (0x4)
 *(.rodata*)
                0x00000000200002d8                . = ALIGN (0x4)
 *(.data*)
 .data.striped_spin_lock_num
                0x00000000200002d8        0x1 CMakeFiles/Stepper.dir/home/uzygncr/pico/pico-sdk/src/rp2_common/hardware_sync/sync.c.o
 *fill*         0x00000000200002d9        0x3 
 .data.default_alarm_pool
                0x00000000200002dc       0x18 CMakeFiles/Stepper.dir/home/uzygncr/pico/pico-sdk/src/common/pico_time/time.c.o
 *fill*         0x00000000200002f4        0xc 
 .data.aeabi_bits_funcs
                0x0000000020000300       0x10 CMakeFiles/Stepper.dir/home/uzygncr/pico/pico-sdk/src/rp2_common/pico_bit_ops/bit_ops_aeabi.S.o
                0x0000000020000300                aeabi_bits_funcs
                0x0000000020000310                aeabi_bits_funcs_end
 .data.aeabi_mem_funcs
                0x0000000020000310       0x10 CMakeFiles/Stepper.dir/home/uzygncr/pico/pico-sdk/src/rp2_common/pico_mem_ops/mem_ops_aeabi.S.o
                0x0000000020000310                aeabi_mem_funcs
                0x0000000020000320                aeabi_mem_funcs_end
                0x0000000020000320                . = ALIGN (0x4)
 *(.after_data.*)
                0x0000000020000320                . = ALIGN (0x4)
                0x0000000020000320                PROVIDE (__mutex_array_start = .)
 *(SORT_BY_NAME(.mutex_array.*))
 *(.mutex_array)
 .mutex_array   0x0000000020000320        0x8 CMakeFiles/Stepper.dir/home/uzygncr/pico/pico-sdk/src/rp2_common/pico_stdio/stdio.c.o
                0x0000000020000328                PROVIDE (__mutex_array_end = .)
                0x0000000020000328                . = ALIGN (0x4)
 *(.jcr)
                0x0000000020000328                . = ALIGN (0x4)

.tm_clone_table
                0x0000000020000328        0x0 load address 0x0000000010001c0c
 .tm_clone_table
                0x0000000020000328        0x0 /usr/lib/gcc/arm-none-eabi/10.3.1/thumb/v6-m/nofp/crtbegin.o
 .tm_clone_table
                0x0000000020000328        0x0 /usr/lib/gcc/arm-none-eabi/10.3.1/thumb/v6-m/nofp/crtend.o

.igot.plt       0x0000000020000328        0x0 load address 0x0000000010001c0c
 .igot.plt      0x0000000020000328        0x0 /usr/lib/gcc/arm-none-eabi/10.3.1/thumb/v6-m/nofp/crtbegin.o

.tdata          0x0000000020000328        0x0 load address 0x0000000010001c0c
                0x0000000020000328                . = ALIGN (0x4)
 *(.tdata .tdata.* .gnu.linkonce.td.*)
                0x0000000020000328                __tdata_end = .
                0x0000000020000328                PROVIDE (__data_end__ = .)
                0x00000000100019a4                __etext = LOADADDR (.data)

.tbss           0x0000000020000328        0x0 load address 0x0000000010001c0c
                0x0000000020000328                . = ALIGN (0x4)
                0x0000000020000328                __bss_start__ = .
                0x0000000020000328                __tls_base = .
 *(.tbss .tbss.* .gnu.linkonce.tb.*)
 *(.tcommon)
                0x0000000020000328                __tls_end = .

.bss            0x0000000020000328      0x4f8 load address 0x0000000010001c0c
                0x0000000020000328                . = ALIGN (0x4)
                0x0000000020000328                __tbss_end = .
 *(SORT_BY_ALIGNMENT(SORT_BY_NAME(.bss*)))
 .bss.default_alarm_pool_entries
                0x0000000020000328      0x180 CMakeFiles/Stepper.dir/home/uzygncr/pico/pico-sdk/src/common/pico_time/time.c.o
 .bss.sd_table  0x00000000200004a8      0x100 CMakeFiles/Stepper.dir/home/uzygncr/pico/pico-sdk/src/rp2_common/pico_double/double_init_rom_rp2040.c.o
                0x00000000200004a8                sd_table
 .bss           0x00000000200005a8       0x1c /usr/lib/gcc/arm-none-eabi/10.3.1/thumb/v6-m/nofp/crtbegin.o
 .bss.boot2_copyout
                0x00000000200005c4      0x100 CMakeFiles/Stepper.dir/home/uzygncr/pico/pico-sdk/src/rp2_common/hardware_flash/flash.c.o
 .bss.claimed   0x00000000200006c4        0x1 CMakeFiles/Stepper.dir/home/uzygncr/pico/pico-sdk/src/rp2_common/hardware_timer/timer.c.o
 *fill*         0x00000000200006c5        0x3 
 .bss.configured_freq
                0x00000000200006c8       0x28 CMakeFiles/Stepper.dir/home/uzygncr/pico/pico-sdk/src/rp2_common/hardware_clocks/clocks.c.o
 .bss.drivers   0x00000000200006f0        0x4 CMakeFiles/Stepper.dir/home/uzygncr/pico/pico-sdk/src/rp2_common/pico_stdio/stdio.c.o
 .bss.filter    0x00000000200006f4        0x4 CMakeFiles/Stepper.dir/home/uzygncr/pico/pico-sdk/src/rp2_common/pico_stdio/stdio.c.o
 .bss.lazy_vsnprintf
                0x00000000200006f8        0x4 CMakeFiles/Stepper.dir/home/uzygncr/pico/pico-sdk/src/rp2_common/pico_printf/printf.c.o
 .bss.pools     0x00000000200006fc       0x10 CMakeFiles/Stepper.dir/home/uzygncr/pico/pico-sdk/src/common/pico_time/time.c.o
 .bss.retrieved_id
                0x000000002000070c        0x8 CMakeFiles/Stepper.dir/home/uzygncr/pico/pico-sdk/src/rp2_common/pico_unique_id/unique_id.c.o
 .bss.sf_clz_func
                0x0000000020000714        0x4 CMakeFiles/Stepper.dir/home/uzygncr/pico/pico-sdk/src/rp2_common/pico_double/double_init_rom_rp2040.c.o
                0x0000000020000714                sf_clz_func
 .bss.sf_table  0x0000000020000718      0x100 CMakeFiles/Stepper.dir/home/uzygncr/pico/pico-sdk/src/rp2_common/pico_float/float_init_rom_rp2040.c.o
                0x0000000020000718                sf_table
 .bss.sleep_notifier
                0x0000000020000818        0x4 CMakeFiles/Stepper.dir/home/uzygncr/pico/pico-sdk/src/common/pico_time/time.c.o
 .bss.boot2_copyout_valid
                0x000000002000081c        0x1 CMakeFiles/Stepper.dir/home/uzygncr/pico/pico-sdk/src/rp2_common/hardware_flash/flash.c.o
 *(COMMON)
                0x0000000020000820                . = ALIGN (0x4)
 *fill*         0x000000002000081d        0x3 
                0x0000000020000820                __bss_end__ = .

.heap           0x0000000020000820      0x800 load address 0x0000000010001c0c
                0x0000000020000820                __end__ = .
                0x0000000020000820                end = __end__
 *(.heap*)
 .heap          0x0000000020000820      0x800 CMakeFiles/Stepper.dir/home/uzygncr/pico/pico-sdk/src/rp2_common/pico_crt0/crt0.S.o
                0x0000000020040000                __HeapLimit = (ORIGIN (RAM) + LENGTH (RAM))

.scratch_x      0x0000000020040000        0x0 load address 0x0000000010001c0c
                0x0000000020040000                __scratch_x_start__ = .
 *(.scratch_x.*)
                0x0000000020040000                . = ALIGN (0x4)
                0x0000000020040000                __scratch_x_end__ = .
                0x0000000010001c0c                __scratch_x_source__ = LOADADDR (.scratch_x)

.scratch_y      0x0000000020041000        0x0 load address 0x0000000010001c0c
                0x0000000020041000                __scratch_y_start__ = .
 *(.scratch_y.*)
                0x0000000020041000                . = ALIGN (0x4)
                0x0000000020041000                __scratch_y_end__ = .
                0x0000000010001c0c                __scratch_y_source__ = LOADADDR (.scratch_y)

.stack1_dummy   0x0000000020040000        0x0
 *(.stack1*)

.stack_dummy    0x0000000020041000      0x800
 *(.stack*)
 .stack         0x0000000020041000      0x800 CMakeFiles/Stepper.dir/home/uzygncr/pico/pico-sdk/src/rp2_common/pico_crt0/crt0.S.o

.flash_end      0x0000000010001c0c        0x0
 *(.embedded_end_block*)
                0x0000000010001c0c                PROVIDE (__flash_binary_end = .)
                0x0000000020040000                __StackLimit = (ORIGIN (RAM) + LENGTH (RAM))
                0x0000000020041000                __StackOneTop = (ORIGIN (SCRATCH_X) + LENGTH (SCRATCH_X))
                0x0000000020042000                __StackTop = (ORIGIN (SCRATCH_Y) + LENGTH (SCRATCH_Y))
                0x0000000020041000                __StackOneBottom = (__StackOneTop - SIZEOF (.stack1_dummy))
                0x0000000020041800                __StackBottom = (__StackTop - SIZEOF (.stack_dummy))
                0x0000000020042000                PROVIDE (__stack = __StackTop)
                [!provide]                        PROVIDE (__heap_start = __end__)
                [!provide]                        PROVIDE (__heap_end = __HeapLimit)
                [!provide]                        PROVIDE (__tls_align = MAX (ALIGNOF (.tdata), ALIGNOF (.tbss)))
                [!provide]                        PROVIDE (__tls_size_align = (((__tls_size + __tls_align) - 0x1) & ~ ((__tls_align - 0x1))))
                [!provide]                        PROVIDE (__arm32_tls_tcb_offset = MAX (0x8, __tls_align))
                [!provide]                        PROVIDE (_end = __end__)
                [!provide]                        PROVIDE (__llvm_libc_heap_limit = __HeapLimit)
                0x0000000000000001                ASSERT ((__StackLimit >= __HeapLimit), region RAM overflowed)
                0x0000000000000001                ASSERT (((__binary_info_header_end - __logical_binary_start) <= 0x100), Binary info must be in first 256 bytes of the binary)
LOAD CMakeFiles/Stepper.dir/Stepper.cpp.o
LOAD CMakeFiles/Stepper.dir/home/uzygncr/pico/pico-sdk/src/rp2_common/pico_lwip/lwip_nosys.c.o
LOAD CMakeFiles/Stepper.dir/home/uzygncr/pico/pico-sdk/src/rp2_common/pico_async_context/async_context_base.c.o
LOAD CMakeFiles/Stepper.dir/home/uzygncr/pico/pico-sdk/src/rp2040/pico_platform/platform.c.o
LOAD CMakeFiles/Stepper.dir/home/uzygncr/pico/pico-sdk/src/rp2_common/pico_platform_panic/panic.c.o
LOAD CMakeFiles/Stepper.dir/home/uzygncr/pico/pico-sdk/src/rp2_common/pico_rand/rand.c.o
LOAD CMakeFiles/Stepper.dir/home/uzygncr/pico/pico-sdk/src/rp2_common/pico_unique_id/unique_id.c.o
LOAD CMakeFiles/Stepper.dir/home/uzygncr/pico/pico-sdk/src/rp2_common/hardware_flash/flash.c.o
LOAD CMakeFiles/Stepper.dir/home/uzygncr/pico/pico-sdk/src/common/hardware_claim/claim.c.o
LOAD CMakeFiles/Stepper.dir/home/uzygncr/pico/pico-sdk/src/rp2_common/hardware_sync/sync.c.o
LOAD CMakeFiles/Stepper.dir/home/uzygncr/pico/pico-sdk/src/rp2_common/hardware_sync_spin_lock/sync_spin_lock.c.o
LOAD CMakeFiles/Stepper.dir/home/uzygncr/pico/pico-sdk/src/rp2_common/pico_bootrom/bootrom.c.o
LOAD CMakeFiles/Stepper.dir/home/uzygncr/pico/pico-sdk/src/rp2_common/pico_bootrom/bootrom_lock.c.o
LOAD CMakeFiles/Stepper.dir/home/uzygncr/pico/pico-sdk/src/rp2_common/hardware_boot_lock/boot_lock.c.o
LOAD CMakeFiles/Stepper.dir/home/uzygncr/pico/pico-sdk/src/rp2_common/pico_flash/flash.c.o
LOAD CMakeFiles/Stepper.dir/home/uzygncr/pico/pico-sdk/src/common/pico_time/time.c.o
LOAD CMakeFiles/Stepper.dir/home/uzygncr/pico/pico-sdk/src/common/pico_time/timeout_helper.c.o
LOAD CMakeFiles/Stepper.dir/home/uzygncr/pico/pico-sdk/src/rp2_common/hardware_timer/timer.c.o
LOAD CMakeFiles/Stepper.dir/home/uzygncr/pico/pico-sdk/src/rp2_common/hardware_irq/irq.c.o
LOAD CMakeFiles/Stepper.dir/home/uzygncr/pico/pico-sdk/src/rp2_common/hardware_irq/irq_handler_chain.S.o
LOAD CMakeFiles/Stepper.dir/home/uzygncr/pico/pico-sdk/src/common/pico_sync/sem.c.o
LOAD CMakeFiles/Stepper.dir/home/uzygncr/pico/pico-sdk/src/common/pico_sync/lock_core.c.o
LOAD CMakeFiles/Stepper.dir/home/uzygncr/pico/pico-sdk/src/common/pico_sync/mutex.c.o
LOAD CMakeFiles/Stepper.dir/home/uzygncr/pico/pico-sdk/src/common/pico_sync/critical_section.c.o
LOAD CMakeFiles/Stepper.dir/home/uzygncr/pico/pico-sdk/src/common/pico_util/datetime.c.o
LOAD CMakeFiles/Stepper.dir/home/uzygncr/pico/pico-sdk/src/common/pico_util/pheap.c.o
LOAD CMakeFiles/Stepper.dir/home/uzygncr/pico/pico-sdk/src/common/pico_util/queue.c.o
LOAD CMakeFiles/Stepper.dir/home/uzygncr/pico/pico-sdk/src/rp2_common/hardware_xip_cache/xip_cache.c.o
LOAD CMakeFiles/Stepper.dir/home/uzygncr/pico/pico-sdk/src/rp2_common/hardware_clocks/clocks.c.o
LOAD CMakeFiles/Stepper.dir/home/uzygncr/pico/pico-sdk/src/rp2_common/hardware_gpio/gpio.c.o
LOAD CMakeFiles/Stepper.dir/home/uzygncr/pico/pico-sdk/src/rp2_common/hardware_pll/pll.c.o
LOAD CMakeFiles/Stepper.dir/home/uzygncr/pico/pico-sdk/src/rp2_common/hardware_vreg/vreg.c.o
LOAD CMakeFiles/Stepper.dir/home/uzygncr/pico/pico-sdk/src/rp2_common/hardware_watchdog/watchdog.c.o
LOAD CMakeFiles/Stepper.dir/home/uzygncr/pico/pico-sdk/src/rp2_common/hardware_ticks/ticks.c.o
LOAD CMakeFiles/Stepper.dir/home/uzygncr/pico/pico-sdk/src/rp2_common/hardware_xosc/xosc.c.o
LOAD CMakeFiles/Stepper.dir/home/uzygncr/pico/pico-sdk/lib/lwip/src/core/init.c.o
LOAD CMakeFiles/Stepper.dir/home/uzygncr/pico/pico-sdk/lib/lwip/src/core/def.c.o
LOAD CMakeFiles/Stepper.dir/home/uzygncr/pico/pico-sdk/lib/lwip/src/core/dns.c.o
LOAD CMakeFiles/Stepper.dir/home/uzygncr/pico/pico-sdk/lib/lwip/src/core/inet_chksum.c.o
LOAD CMakeFiles/Stepper.dir/home/uzygncr/pico/pico-sdk/lib/lwip/src/core/ip.c.o
LOAD CMakeFiles/Stepper.dir/home/uzygncr/pico/pico-sdk/lib/lwip/src/core/mem.c.o
LOAD CMakeFiles/Stepper.dir/home/uzygncr/pico/pico-sdk/lib/lwip/src/core/memp.c.o
LOAD CMakeFiles/Stepper.dir/home/uzygncr/pico/pico-sdk/lib/lwip/src/core/netif.c.o
LOAD CMakeFiles/Stepper.dir/home/uzygncr/pico/pico-sdk/lib/lwip/src/core/pbuf.c.o
LOAD CMakeFiles/Stepper.dir/home/uzygncr/pico/pico-sdk/lib/lwip/src/core/raw.c.o
LOAD CMakeFiles/Stepper.dir/home/uzygncr/pico/pico-sdk/lib/lwip/src/core/stats.c.o
LOAD CMakeFiles/Stepper.dir/home/uzygncr/pico/pico-sdk/lib/lwip/src/core/sys.c.o
LOAD CMakeFiles/Stepper.dir/home/uzygncr/pico/pico-sdk/lib/lwip/src/core/altcp.c.o
LOAD CMakeFiles/Stepper.dir/home/uzygncr/pico/pico-sdk/lib/lwip/src/core/altcp_alloc.c.o
LOAD CMakeFiles/Stepper.dir/home/uzygncr/pico/pico-sdk/lib/lwip/src/core/altcp_tcp.c.o
LOAD CMakeFiles/Stepper.dir/home/uzygncr/pico/pico-sdk/lib/lwip/src/core/tcp.c.o
LOAD CMakeFiles/Stepper.dir/home/uzygncr/pico/pico-sdk/lib/lwip/src/core/tcp_in.c.o
LOAD CMakeFiles/Stepper.dir/home/uzygncr/pico/pico-sdk/lib/lwip/src/core/tcp_out.c.o
LOAD CMakeFiles/Stepper.dir/home/uzygncr/pico/pico-sdk/lib/lwip/src/core/timeouts.c.o
LOAD CMakeFiles/Stepper.dir/home/uzygncr/pico/pico-sdk/lib/lwip/src/core/udp.c.o
LOAD CMakeFiles/Stepper.dir/home/uzygncr/pico/pico-sdk/lib/lwip/src/core/ipv4/autoip.c.o
LOAD CMakeFiles/Stepper.dir/home/uzygncr/pico/pico-sdk/lib/lwip/src/core/ipv4/dhcp.c.o
LOAD CMakeFiles/Stepper.dir/home/uzygncr/pico/pico-sdk/lib/lwip/src/core/ipv4/etharp.c.o
LOAD CMakeFiles/Stepper.dir/home/uzygncr/pico/pico-sdk/lib/lwip/src/core/ipv4/icmp.c.o
LOAD CMakeFiles/Stepper.dir/home/uzygncr/pico/pico-sdk/lib/lwip/src/core/ipv4/igmp.c.o
LOAD CMakeFiles/Stepper.dir/home/uzygncr/pico/pico-sdk/lib/lwip/src/core/ipv4/ip4_frag.c.o
LOAD CMakeFiles/Stepper.dir/home/uzygncr/pico/pico-sdk/lib/lwip/src/core/ipv4/ip4.c.o
LOAD CMakeFiles/Stepper.dir/home/uzygncr/pico/pico-sdk/lib/lwip/src/core/ipv4/ip4_addr.c.o
LOAD CMakeFiles/Stepper.dir/home/uzygncr/pico/pico-sdk/lib/lwip/src/core/ipv4/acd.c.o
LOAD CMakeFiles/Stepper.dir/home/uzygncr/pico/pico-sdk/lib/lwip/src/core/ipv6/dhcp6.c.o
LOAD CMakeFiles/Stepper.dir/home/uzygncr/pico/pico-sdk/lib/lwip/src/core/ipv6/ethip6.c.o
LOAD CMakeFiles/Stepper.dir/home/uzygncr/pico/pico-sdk/lib/lwip/src/core/ipv6/icmp6.c.o
LOAD CMakeFiles/Stepper.dir/home/uzygncr/pico/pico-sdk/lib/lwip/src/core/ipv6/inet6.c.o
LOAD CMakeFiles/Stepper.dir/home/uzygncr/pico/pico-sdk/lib/lwip/src/core/ipv6/ip6.c.o
LOAD CMakeFiles/Stepper.dir/home/uzygncr/pico/pico-sdk/lib/lwip/src/core/ipv6/ip6_addr.c.o
LOAD CMakeFiles/Stepper.dir/home/uzygncr/pico/pico-sdk/lib/lwip/src/core/ipv6/ip6_frag.c.o
LOAD CMakeFiles/Stepper.dir/home/uzygncr/pico/pico-sdk/lib/lwip/src/core/ipv6/mld6.c.o
LOAD CMakeFiles/Stepper.dir/home/uzygncr/pico/pico-sdk/lib/lwip/src/core/ipv6/nd6.c.o
LOAD CMakeFiles/Stepper.dir/home/uzygncr/pico/pico-sdk/lib/lwip/src/api/api_lib.c.o
LOAD CMakeFiles/Stepper.dir/home/uzygncr/pico/pico-sdk/lib/lwip/src/api/api_msg.c.o
LOAD CMakeFiles/Stepper.dir/home/uzygncr/pico/pico-sdk/lib/lwip/src/api/err.c.o
LOAD CMakeFiles/Stepper.dir/home/uzygncr/pico/pico-sdk/lib/lwip/src/api/if_api.c.o
LOAD CMakeFiles/Stepper.dir/home/uzygncr/pico/pico-sdk/lib/lwip/src/api/netbuf.c.o
LOAD CMakeFiles/Stepper.dir/home/uzygncr/pico/pico-sdk/lib/lwip/src/api/netdb.c.o
LOAD CMakeFiles/Stepper.dir/home/uzygncr/pico/pico-sdk/lib/lwip/src/api/netifapi.c.o
LOAD CMakeFiles/Stepper.dir/home/uzygncr/pico/pico-sdk/lib/lwip/src/api/sockets.c.o
LOAD CMakeFiles/Stepper.dir/home/uzygncr/pico/pico-sdk/lib/lwip/src/api/tcpip.c.o
LOAD CMakeFiles/Stepper.dir/home/uzygncr/pico/pico-sdk/lib/lwip/src/netif/ethernet.c.o
LOAD CMakeFiles/Stepper.dir/home/uzygncr/pico/pico-sdk/lib/lwip/src/netif/bridgeif.c.o
LOAD CMakeFiles/Stepper.dir/home/uzygncr/pico/pico-sdk/lib/lwip/src/netif/bridgeif_fdb.c.o
LOAD CMakeFiles/Stepper.dir/home/uzygncr/pico/pico-sdk/lib/lwip/src/netif/slipif.c.o
LOAD CMakeFiles/Stepper.dir/home/uzygncr/pico/pico-sdk/lib/lwip/src/netif/lowpan6_common.c.o
LOAD CMakeFiles/Stepper.dir/home/uzygncr/pico/pico-sdk/lib/lwip/src/netif/lowpan6.c.o
LOAD CMakeFiles/Stepper.dir/home/uzygncr/pico/pico-sdk/lib/lwip/src/netif/lowpan6_ble.c.o
LOAD CMakeFiles/Stepper.dir/home/uzygncr/pico/pico-sdk/lib/lwip/src/netif/zepif.c.o
LOAD CMakeFiles/Stepper.dir/home/uzygncr/pico/pico-sdk/lib/lwip/src/netif/ppp/auth.c.o
LOAD CMakeFiles/Stepper.dir/home/uzygncr/pico/pico-sdk/lib/lwip/src/netif/ppp/ccp.c.o
LOAD CMakeFiles/Stepper.dir/home/uzygncr/pico/pico-sdk/lib/lwip/src/netif/ppp/chap-md5.c.o
LOAD CMakeFiles/Stepper.dir/home/uzygncr/pico/pico-sdk/lib/lwip/src/netif/ppp/chap_ms.c.o
LOAD CMakeFiles/Stepper.dir/home/uzygncr/pico/pico-sdk/lib/lwip/src/netif/ppp/chap-new.c.o
LOAD CMakeFiles/Stepper.dir/home/uzygncr/pico/pico-sdk/lib/lwip/src/netif/ppp/demand.c.o
LOAD CMakeFiles/Stepper.dir/home/uzygncr/pico/pico-sdk/lib/lwip/src/netif/ppp/eap.c.o
LOAD CMakeFiles/Stepper.dir/home/uzygncr/pico/pico-sdk/lib/lwip/src/netif/ppp/ecp.c.o
LOAD CMakeFiles/Stepper.dir/home/uzygncr/pico/pico-sdk/lib/lwip/src/netif/ppp/eui64.c.o
LOAD CMakeFiles/Stepper.dir/home/uzygncr/pico/pico-sdk/lib/lwip/src/netif/ppp/fsm.c.o
LOAD CMakeFiles/Stepper.dir/home/uzygncr/pico/pico-sdk/lib/lwip/src/netif/ppp/ipcp.c.o
LOAD CMakeFiles/Stepper.dir/home/uzygncr/pico/pico-sdk/lib/lwip/src/netif/ppp/ipv6cp.c.o
LOAD CMakeFiles/Stepper.dir/home/uzygncr/pico/pico-sdk/lib/lwip/src/netif/ppp/lcp.c.o
LOAD CMakeFiles/Stepper.dir/home/uzygncr/pico/pico-sdk/lib/lwip/src/netif/ppp/magic.c.o
LOAD CMakeFiles/Stepper.dir/home/uzygncr/pico/pico-sdk/lib/lwip/src/netif/ppp/mppe.c.o
LOAD CMakeFiles/Stepper.dir/home/uzygncr/pico/pico-sdk/lib/lwip/src/netif/ppp/multilink.c.o
LOAD CMakeFiles/Stepper.dir/home/uzygncr/pico/pico-sdk/lib/lwip/src/netif/ppp/ppp.c.o
LOAD CMakeFiles/Stepper.dir/home/uzygncr/pico/pico-sdk/lib/lwip/src/netif/ppp/pppapi.c.o
LOAD CMakeFiles/Stepper.dir/home/uzygncr/pico/pico-sdk/lib/lwip/src/netif/ppp/pppcrypt.c.o
LOAD CMakeFiles/Stepper.dir/home/uzygncr/pico/pico-sdk/lib/lwip/src/netif/ppp/pppoe.c.o
LOAD CMakeFiles/Stepper.dir/home/uzygncr/pico/pico-sdk/lib/lwip/src/netif/ppp/pppol2tp.c.o
LOAD CMakeFiles/Stepper.dir/home/uzygncr/pico/pico-sdk/lib/lwip/src/netif/ppp/pppos.c.o
LOAD CMakeFiles/Stepper.dir/home/uzygncr/pico/pico-sdk/lib/lwip/src/netif/ppp/upap.c.o
LOAD CMakeFiles/Stepper.dir/home/uzygncr/pico/pico-sdk/lib/lwip/src/netif/ppp/utils.c.o
LOAD CMakeFiles/Stepper.dir/home/uzygncr/pico/pico-sdk/lib/lwip/src/netif/ppp/vj.c.o
LOAD CMakeFiles/Stepper.dir/home/uzygncr/pico/pico-sdk/lib/lwip/src/netif/ppp/polarssl/arc4.c.o
LOAD CMakeFiles/Stepper.dir/home/uzygncr/pico/pico-sdk/lib/lwip/src/netif/ppp/polarssl/des.c.o
LOAD CMakeFiles/Stepper.dir/home/uzygncr/pico/pico-sdk/lib/lwip/src/netif/ppp/polarssl/md4.c.o
LOAD CMakeFiles/Stepper.dir/home/uzygncr/pico/pico-sdk/lib/lwip/src/netif/ppp/polarssl/md5.c.o
LOAD CMakeFiles/Stepper.dir/home/uzygncr/pico/pico-sdk/lib/lwip/src/netif/ppp/polarssl/sha1.c.o
LOAD CMakeFiles/Stepper.dir/home/uzygncr/pico/pico-sdk/src/rp2_common/pico_cyw43_arch/cyw43_arch.c.o
LOAD CMakeFiles/Stepper.dir/home/uzygncr/pico/pico-sdk/src/rp2_common/pico_cyw43_arch/cyw43_arch_poll.c.o
LOAD CMakeFiles/Stepper.dir/home/uzygncr/pico/pico-sdk/src/rp2_common/pico_cyw43_arch/cyw43_arch_threadsafe_background.c.o
LOAD CMakeFiles/Stepper.dir/home/uzygncr/pico/pico-sdk/src/rp2_common/pico_cyw43_arch/cyw43_arch_freertos.c.o
LOAD CMakeFiles/Stepper.dir/home/uzygncr/pico/pico-sdk/src/rp2_common/pico_cyw43_driver/cyw43_bus_pio_spi.c.o
LOAD CMakeFiles/Stepper.dir/home/uzygncr/pico/pico-sdk/lib/cyw43-driver/src/cyw43_ll.c.o
LOAD CMakeFiles/Stepper.dir/home/uzygncr/pico/pico-sdk/lib/cyw43-driver/src/cyw43_stats.c.o
LOAD CMakeFiles/Stepper.dir/home/uzygncr/pico/pico-sdk/lib/cyw43-driver/src/cyw43_lwip.c.o
LOAD CMakeFiles/Stepper.dir/home/uzygncr/pico/pico-sdk/lib/cyw43-driver/src/cyw43_ctrl.c.o
LOAD CMakeFiles/Stepper.dir/home/uzygncr/pico/pico-sdk/src/rp2_common/pico_cyw43_driver/cybt_shared_bus/cybt_shared_bus.c.o
LOAD CMakeFiles/Stepper.dir/home/uzygncr/pico/pico-sdk/src/rp2_common/pico_cyw43_driver/cybt_shared_bus/cybt_shared_bus_driver.c.o
LOAD CMakeFiles/Stepper.dir/home/uzygncr/pico/pico-sdk/src/rp2_common/hardware_pio/pio.c.o
LOAD CMakeFiles/Stepper.dir/home/uzygncr/pico/pico-sdk/src/rp2_common/hardware_dma/dma.c.o
LOAD CMakeFiles/Stepper.dir/home/uzygncr/pico/pico-sdk/src/rp2_common/hardware_exception/exception.c.o
LOAD CMakeFiles/Stepper.dir/home/uzygncr/pico/pico-sdk/src/rp2_common/pico_cyw43_driver/cyw43_driver.c.o
LOAD CMakeFiles/Stepper.dir/home/uzygncr/pico/pico-sdk/src/rp2_common/pico_async_context/async_context_threadsafe_background.c.o
LOAD CMakeFiles/Stepper.dir/home/uzygncr/pico/pico-sdk/src/rp2_common/pico_stdlib/stdlib.c.o
LOAD CMakeFiles/Stepper.dir/home/uzygncr/pico/pico-sdk/src/rp2_common/hardware_uart/uart.c.o
LOAD CMakeFiles/Stepper.dir/home/uzygncr/pico/pico-sdk/src/rp2_common/hardware_divider/divider.S.o
LOAD CMakeFiles/Stepper.dir/home/uzygncr/pico/pico-sdk/src/rp2_common/pico_runtime/runtime.c.o
LOAD CMakeFiles/Stepper.dir/home/uzygncr/pico/pico-sdk/src/rp2_common/pico_runtime_init/runtime_init.c.o
LOAD CMakeFiles/Stepper.dir/home/uzygncr/pico/pico-sdk/src/rp2_common/pico_runtime_init/runtime_init_clocks.c.o
LOAD CMakeFiles/Stepper.dir/home/uzygncr/pico/pico-sdk/src/rp2_common/pico_runtime_init/runtime_init_stack_guard.c.o
LOAD CMakeFiles/Stepper.dir/home/uzygncr/pico/pico-sdk/src/rp2_common/pico_bit_ops/bit_ops_aeabi.S.o
LOAD CMakeFiles/Stepper.dir/home/uzygncr/pico/pico-sdk/src/rp2_common/pico_divider/divider_hardware.S.o
LOAD CMakeFiles/Stepper.dir/home/uzygncr/pico/pico-sdk/src/rp2_common/pico_double/double_aeabi_rp2040.S.o
LOAD CMakeFiles/Stepper.dir/home/uzygncr/pico/pico-sdk/src/rp2_common/pico_double/double_init_rom_rp2040.c.o
LOAD CMakeFiles/Stepper.dir/home/uzygncr/pico/pico-sdk/src/rp2_common/pico_double/double_math.c.o
LOAD CMakeFiles/Stepper.dir/home/uzygncr/pico/pico-sdk/src/rp2_common/pico_double/double_v1_rom_shim_rp2040.S.o
LOAD CMakeFiles/Stepper.dir/home/uzygncr/pico/pico-sdk/src/rp2_common/pico_int64_ops/pico_int64_ops_aeabi.S.o
LOAD CMakeFiles/Stepper.dir/home/uzygncr/pico/pico-sdk/src/rp2_common/pico_float/float_aeabi_rp2040.S.o
LOAD CMakeFiles/Stepper.dir/home/uzygncr/pico/pico-sdk/src/rp2_common/pico_float/float_init_rom_rp2040.c.o
LOAD CMakeFiles/Stepper.dir/home/uzygncr/pico/pico-sdk/src/rp2_common/pico_float/float_math.c.o
LOAD CMakeFiles/Stepper.dir/home/uzygncr/pico/pico-sdk/src/rp2_common/pico_float/float_v1_rom_shim_rp2040.S.o
LOAD CMakeFiles/Stepper.dir/home/uzygncr/pico/pico-sdk/src/rp2_common/pico_malloc/malloc.c.o
LOAD CMakeFiles/Stepper.dir/home/uzygncr/pico/pico-sdk/src/rp2_common/pico_mem_ops/mem_ops_aeabi.S.o
LOAD CMakeFiles/Stepper.dir/home/uzygncr/pico/pico-sdk/src/rp2_common/pico_atomic/atomic.c.o
LOAD CMakeFiles/Stepper.dir/home/uzygncr/pico/pico-sdk/src/rp2_common/pico_cxx_options/new_delete.cpp.o
LOAD CMakeFiles/Stepper.dir/home/uzygncr/pico/pico-sdk/src/rp2_common/pico_standard_binary_info/standard_binary_info.c.o
LOAD CMakeFiles/Stepper.dir/home/uzygncr/pico/pico-sdk/src/rp2_common/pico_printf/printf.c.o
LOAD CMakeFiles/Stepper.dir/home/uzygncr/pico/pico-sdk/src/rp2_common/pico_crt0/crt0.S.o
LOAD CMakeFiles/Stepper.dir/home/uzygncr/pico/pico-sdk/src/rp2_common/pico_clib_interface/newlib_interface.c.o
LOAD CMakeFiles/Stepper.dir/home/uzygncr/pico/pico-sdk/src/rp2_common/pico_stdio/stdio.c.o
LOAD CMakeFiles/Stepper.dir/home/uzygncr/pico/pico-sdk/src/rp2_common/pico_stdio_usb/reset_interface.c.o
LOAD CMakeFiles/Stepper.dir/home/uzygncr/pico/pico-sdk/src/rp2_common/pico_stdio_usb/stdio_usb.c.o
LOAD CMakeFiles/Stepper.dir/home/uzygncr/pico/pico-sdk/src/rp2_common/pico_stdio_usb/stdio_usb_descriptors.c.o
LOAD CMakeFiles/Stepper.dir/home/uzygncr/pico/pico-sdk/lib/tinyusb/src/portable/raspberrypi/rp2040/dcd_rp2040.c.o
LOAD CMakeFiles/Stepper.dir/home/uzygncr/pico/pico-sdk/lib/tinyusb/src/portable/raspberrypi/rp2040/rp2040_usb.c.o
LOAD CMakeFiles/Stepper.dir/home/uzygncr/pico/pico-sdk/lib/tinyusb/src/device/usbd.c.o
LOAD CMakeFiles/Stepper.dir/home/uzygncr/pico/pico-sdk/lib/tinyusb/src/device/usbd_control.c.o
LOAD CMakeFiles/Stepper.dir/home/uzygncr/pico/pico-sdk/lib/tinyusb/src/class/audio/audio_device.c.o
LOAD CMakeFiles/Stepper.dir/home/uzygncr/pico/pico-sdk/lib/tinyusb/src/class/cdc/cdc_device.c.o
LOAD CMakeFiles/Stepper.dir/home/uzygncr/pico/pico-sdk/lib/tinyusb/src/class/dfu/dfu_device.c.o
LOAD CMakeFiles/Stepper.dir/home/uzygncr/pico/pico-sdk/lib/tinyusb/src/class/dfu/dfu_rt_device.c.o
LOAD CMakeFiles/Stepper.dir/home/uzygncr/pico/pico-sdk/lib/tinyusb/src/class/hid/hid_device.c.o
LOAD CMakeFiles/Stepper.dir/home/uzygncr/pico/pico-sdk/lib/tinyusb/src/class/midi/midi_device.c.o
LOAD CMakeFiles/Stepper.dir/home/uzygncr/pico/pico-sdk/lib/tinyusb/src/class/msc/msc_device.c.o
LOAD CMakeFiles/Stepper.dir/home/uzygncr/pico/pico-sdk/lib/tinyusb/src/class/net/ecm_rndis_device.c.o
LOAD CMakeFiles/Stepper.dir/home/uzygncr/pico/pico-sdk/lib/tinyusb/src/class/net/ncm_device.c.o
LOAD CMakeFiles/Stepper.dir/home/uzygncr/pico/pico-sdk/lib/tinyusb/src/class/usbtmc/usbtmc_device.c.o
LOAD CMakeFiles/Stepper.dir/home/uzygncr/pico/pico-sdk/lib/tinyusb/src/class/vendor/vendor_device.c.o
LOAD CMakeFiles/Stepper.dir/home/uzygncr/pico/pico-sdk/lib/tinyusb/src/class/video/video_device.c.o
LOAD CMakeFiles/Stepper.dir/home/uzygncr/pico/pico-sdk/lib/tinyusb/src/tusb.c.o
LOAD CMakeFiles/Stepper.dir/home/uzygncr/pico/pico-sdk/lib/tinyusb/src/common/tusb_fifo.c.o
LOAD CMakeFiles/Stepper.dir/home/uzygncr/pico/pico-sdk/src/rp2_common/pico_fix/rp2040_usb_device_enumeration/rp2040_usb_device_enumeration.c.o
LOAD pico-sdk/src/rp2040/boot_stage2/CMakeFiles/bs2_default_library.dir/bs2_default_padded_checksummed.S.o
LOAD /usr/lib/gcc/arm-none-eabi/10.3.1/../../../arm-none-eabi/lib/thumb/v6-m/nofp/libstdc++.a
LOAD /usr/lib/gcc/arm-none-eabi/10.3.1/../../../arm-none-eabi/lib/thumb/v6-m/nofp/libm.a
START GROUP
LOAD /usr/lib/gcc/arm-none-eabi/10.3.1/thumb/v6-m/nofp/libgcc.a
LOAD /usr/lib/gcc/arm-none-eabi/10.3.1/../../../arm-none-eabi/lib/thumb/v6-m/nofp/libg.a
LOAD /usr/lib/gcc/arm-none-eabi/10.3.1/../../../arm-none-eabi/lib/thumb/v6-m/nofp/libc.a
END GROUP
START GROUP
LOAD /usr/lib/gcc/arm-none-eabi/10.3.1/thumb/v6-m/nofp/libgcc.a
LOAD /usr/lib/gcc/arm-none-eabi/10.3.1/../../../arm-none-eabi/lib/thumb/v6-m/nofp/libc.a
LOAD /usr/lib/gcc/arm-none-eabi/10.3.1/../../../arm-none-eabi/lib/thumb/v6-m/nofp/libnosys.a
END GROUP
LOAD /usr/lib/gcc/arm-none-eabi/10.3.1/thumb/v6-m/nofp/crtend.o
LOAD /usr/lib/gcc/arm-none-eabi/10.3.1/thumb/v6-m/nofp/crtn.o
OUTPUT(Stepper.elf elf32-littlearm)
LOAD linker stubs

.ARM.attributes
                0x0000000000000000       0x28
 .ARM.attributes
                0x0000000000000000       0x1e /usr/lib/gcc/arm-none-eabi/10.3.1/thumb/v6-m/nofp/crti.o
 .ARM.attributes
                0x000000000000001e       0x2c /usr/lib/gcc/arm-none-eabi/10.3.1/thumb/v6-m/nofp/crtbegin.o
 .ARM.attributes
                0x000000000000004a       0x2c CMakeFiles/Stepper.dir/Stepper.cpp.o
 .ARM.attributes
                0x0000000000000076       0x2c CMakeFiles/Stepper.dir/home/uzygncr/pico/pico-sdk/src/rp2_common/pico_platform_panic/panic.c.o
 .ARM.attributes
                0x00000000000000a2       0x2c CMakeFiles/Stepper.dir/home/uzygncr/pico/pico-sdk/src/rp2_common/pico_unique_id/unique_id.c.o
 .ARM.attributes
                0x00000000000000ce       0x2c CMakeFiles/Stepper.dir/home/uzygncr/pico/pico-sdk/src/rp2_common/hardware_flash/flash.c.o
 .ARM.attributes
                0x00000000000000fa       0x2c CMakeFiles/Stepper.dir/home/uzygncr/pico/pico-sdk/src/common/hardware_claim/claim.c.o
 .ARM.attributes
                0x0000000000000126       0x2c CMakeFiles/Stepper.dir/home/uzygncr/pico/pico-sdk/src/rp2_common/hardware_sync/sync.c.o
 .ARM.attributes
                0x0000000000000152       0x2c CMakeFiles/Stepper.dir/home/uzygncr/pico/pico-sdk/src/rp2_common/hardware_sync_spin_lock/sync_spin_lock.c.o
 .ARM.attributes
                0x000000000000017e       0x2c CMakeFiles/Stepper.dir/home/uzygncr/pico/pico-sdk/src/rp2_common/pico_bootrom/bootrom.c.o
 .ARM.attributes
                0x00000000000001aa       0x2c CMakeFiles/Stepper.dir/home/uzygncr/pico/pico-sdk/src/common/pico_time/time.c.o
 .ARM.attributes
                0x00000000000001d6       0x2c CMakeFiles/Stepper.dir/home/uzygncr/pico/pico-sdk/src/rp2_common/hardware_timer/timer.c.o
 .ARM.attributes
                0x0000000000000202       0x2c CMakeFiles/Stepper.dir/home/uzygncr/pico/pico-sdk/src/rp2_common/hardware_irq/irq.c.o
 .ARM.attributes
                0x000000000000022e       0x2c CMakeFiles/Stepper.dir/home/uzygncr/pico/pico-sdk/src/common/pico_sync/lock_core.c.o
 .ARM.attributes
                0x000000000000025a       0x2c CMakeFiles/Stepper.dir/home/uzygncr/pico/pico-sdk/src/common/pico_sync/mutex.c.o
 .ARM.attributes
                0x0000000000000286       0x2c CMakeFiles/Stepper.dir/home/uzygncr/pico/pico-sdk/src/rp2_common/hardware_clocks/clocks.c.o
 .ARM.attributes
                0x00000000000002b2       0x2c CMakeFiles/Stepper.dir/home/uzygncr/pico/pico-sdk/src/rp2_common/hardware_gpio/gpio.c.o
 .ARM.attributes
                0x00000000000002de       0x2c CMakeFiles/Stepper.dir/home/uzygncr/pico/pico-sdk/src/rp2_common/hardware_pll/pll.c.o
 .ARM.attributes
                0x000000000000030a       0x2c CMakeFiles/Stepper.dir/home/uzygncr/pico/pico-sdk/src/rp2_common/hardware_ticks/ticks.c.o
 .ARM.attributes
                0x0000000000000336       0x2c CMakeFiles/Stepper.dir/home/uzygncr/pico/pico-sdk/src/rp2_common/hardware_xosc/xosc.c.o
 .ARM.attributes
                0x0000000000000362       0x2c CMakeFiles/Stepper.dir/home/uzygncr/pico/pico-sdk/src/rp2_common/pico_runtime/runtime.c.o
 .ARM.attributes
                0x000000000000038e       0x2c CMakeFiles/Stepper.dir/home/uzygncr/pico/pico-sdk/src/rp2_common/pico_runtime_init/runtime_init.c.o
 .ARM.attributes
                0x00000000000003ba       0x2c CMakeFiles/Stepper.dir/home/uzygncr/pico/pico-sdk/src/rp2_common/pico_runtime_init/runtime_init_clocks.c.o
 .ARM.attributes
                0x00000000000003e6       0x22 CMakeFiles/Stepper.dir/home/uzygncr/pico/pico-sdk/src/rp2_common/pico_bit_ops/bit_ops_aeabi.S.o
 .ARM.attributes
                0x0000000000000408       0x22 CMakeFiles/Stepper.dir/home/uzygncr/pico/pico-sdk/src/rp2_common/pico_divider/divider_hardware.S.o
 .ARM.attributes
                0x000000000000042a       0x22 CMakeFiles/Stepper.dir/home/uzygncr/pico/pico-sdk/src/rp2_common/pico_double/double_aeabi_rp2040.S.o
 .ARM.attributes
                0x000000000000044c       0x2c CMakeFiles/Stepper.dir/home/uzygncr/pico/pico-sdk/src/rp2_common/pico_double/double_init_rom_rp2040.c.o
 .ARM.attributes
                0x0000000000000478       0x22 CMakeFiles/Stepper.dir/home/uzygncr/pico/pico-sdk/src/rp2_common/pico_double/double_v1_rom_shim_rp2040.S.o
 .ARM.attributes
                0x000000000000049a       0x22 CMakeFiles/Stepper.dir/home/uzygncr/pico/pico-sdk/src/rp2_common/pico_int64_ops/pico_int64_ops_aeabi.S.o
 .ARM.attributes
                0x00000000000004bc       0x22 CMakeFiles/Stepper.dir/home/uzygncr/pico/pico-sdk/src/rp2_common/pico_float/float_aeabi_rp2040.S.o
 .ARM.attributes
                0x00000000000004de       0x2c CMakeFiles/Stepper.dir/home/uzygncr/pico/pico-sdk/src/rp2_common/pico_float/float_init_rom_rp2040.c.o
 .ARM.attributes
                0x000000000000050a       0x22 CMakeFiles/Stepper.dir/home/uzygncr/pico/pico-sdk/src/rp2_common/pico_mem_ops/mem_ops_aeabi.S.o
 .ARM.attributes
                0x000000000000052c       0x32 CMakeFiles/Stepper.dir/home/uzygncr/pico/pico-sdk/src/rp2_common/pico_standard_binary_info/standard_binary_info.c.o
 .ARM.attributes
                0x000000000000055e       0x2c CMakeFiles/Stepper.dir/home/uzygncr/pico/pico-sdk/src/rp2_common/pico_printf/printf.c.o
 .ARM.attributes
                0x000000000000058a       0x22 CMakeFiles/Stepper.dir/home/uzygncr/pico/pico-sdk/src/rp2_common/pico_crt0/crt0.S.o
 .ARM.attributes
                0x00000000000005ac       0x2c CMakeFiles/Stepper.dir/home/uzygncr/pico/pico-sdk/src/rp2_common/pico_clib_interface/newlib_interface.c.o
 .ARM.attributes
                0x00000000000005d8       0x2c CMakeFiles/Stepper.dir/home/uzygncr/pico/pico-sdk/src/rp2_common/pico_stdio/stdio.c.o
 .ARM.attributes
                0x0000000000000604       0x22 pico-sdk/src/rp2040/boot_stage2/CMakeFiles/bs2_default_library.dir/bs2_default_padded_checksummed.S.o
 .ARM.attributes
                0x0000000000000626       0x1e /usr/lib/gcc/arm-none-eabi/10.3.1/thumb/v6-m/nofp/libgcc.a(_dvmd_tls.o)
 .ARM.attributes
                0x0000000000000644       0x2c /usr/lib/gcc/arm-none-eabi/10.3.1/../../../arm-none-eabi/lib/thumb/v6-m/nofp/libg.a(lib_a-strlen-stub.o)
 .ARM.attributes
                0x0000000000000670       0x2c /usr/lib/gcc/arm-none-eabi/10.3.1/thumb/v6-m/nofp/crtend.o

.comment        0x0000000000000000       0x33
 .comment       0x0000000000000000       0x33 /usr/lib/gcc/arm-none-eabi/10.3.1/thumb/v6-m/nofp/crtbegin.o
                                         0x34 (size before relaxing)
 .comment       0x0000000000000033       0x34 CMakeFiles/Stepper.dir/Stepper.cpp.o
 .comment       0x0000000000000033       0x34 CMakeFiles/Stepper.dir/home/uzygncr/pico/pico-sdk/src/rp2_common/pico_platform_panic/panic.c.o
 .comment       0x0000000000000033       0x34 CMakeFiles/Stepper.dir/home/uzygncr/pico/pico-sdk/src/rp2_common/pico_unique_id/unique_id.c.o
 .comment       0x0000000000000033       0x34 CMakeFiles/Stepper.dir/home/uzygncr/pico/pico-sdk/src/rp2_common/hardware_flash/flash.c.o
 .comment       0x0000000000000033       0x34 CMakeFiles/Stepper.dir/home/uzygncr/pico/pico-sdk/src/common/hardware_claim/claim.c.o
 .comment       0x0000000000000033       0x34 CMakeFiles/Stepper.dir/home/uzygncr/pico/pico-sdk/src/rp2_common/hardware_sync/sync.c.o
 .comment       0x0000000000000033       0x34 CMakeFiles/Stepper.dir/home/uzygncr/pico/pico-sdk/src/rp2_common/hardware_sync_spin_lock/sync_spin_lock.c.o
 .comment       0x0000000000000033       0x34 CMakeFiles/Stepper.dir/home/uzygncr/pico/pico-sdk/src/rp2_common/pico_bootrom/bootrom.c.o
 .comment       0x0000000000000033       0x34 CMakeFiles/Stepper.dir/home/uzygncr/pico/pico-sdk/src/common/pico_time/time.c.o
 .comment       0x0000000000000033       0x34 CMakeFiles/Stepper.dir/home/uzygncr/pico/pico-sdk/src/rp2_common/hardware_timer/timer.c.o
 .comment       0x0000000000000033       0x34 CMakeFiles/Stepper.dir/home/uzygncr/pico/pico-sdk/src/rp2_common/hardware_irq/irq.c.o
 .comment       0x0000000000000033       0x34 CMakeFiles/Stepper.dir/home/uzygncr/pico/pico-sdk/src/common/pico_sync/lock_core.c.o
 .comment       0x0000000000000033       0x34 CMakeFiles/Stepper.dir/home/uzygncr/pico/pico-sdk/src/common/pico_sync/mutex.c.o
 .comment       0x0000000000000033       0x34 CMakeFiles/Stepper.dir/home/uzygncr/pico/pico-sdk/src/rp2_common/hardware_clocks/clocks.c.o
 .comment       0x0000000000000033       0x34 CMakeFiles/Stepper.dir/home/uzygncr/pico/pico-sdk/src/rp2_common/hardware_gpio/gpio.c.o
 .comment       0x0000000000000033       0x34 CMakeFiles/Stepper.dir/home/uzygncr/pico/pico-sdk/src/rp2_common/hardware_pll/pll.c.o
 .comment       0x0000000000000033       0x34 CMakeFiles/Stepper.dir/home/uzygncr/pico/pico-sdk/src/rp2_common/hardware_ticks/ticks.c.o
 .comment       0x0000000000000033       0x34 CMakeFiles/Stepper.dir/home/uzygncr/pico/pico-sdk/src/rp2_common/hardware_xosc/xosc.c.o
 .comment       0x0000000000000033       0x34 CMakeFiles/Stepper.dir/home/uzygncr/pico/pico-sdk/src/rp2_common/pico_runtime/runtime.c.o
 .comment       0x0000000000000033       0x34 CMakeFiles/Stepper.dir/home/uzygncr/pico/pico-sdk/src/rp2_common/pico_runtime_init/runtime_init.c.o
 .comment       0x0000000000000033       0x34 CMakeFiles/Stepper.dir/home/uzygncr/pico/pico-sdk/src/rp2_common/pico_runtime_init/runtime_init_clocks.c.o
 .comment       0x0000000000000033       0x34 CMakeFiles/Stepper.dir/home/uzygncr/pico/pico-sdk/src/rp2_common/pico_double/double_init_rom_rp2040.c.o
 .comment       0x0000000000000033       0x34 CMakeFiles/Stepper.dir/home/uzygncr/pico/pico-sdk/src/rp2_common/pico_float/float_init_rom_rp2040.c.o
 .comment       0x0000000000000033       0x34 CMakeFiles/Stepper.dir/home/uzygncr/pico/pico-sdk/src/rp2_common/pico_standard_binary_info/standard_binary_info.c.o
 .comment       0x0000000000000033       0x34 CMakeFiles/Stepper.dir/home/uzygncr/pico/pico-sdk/src/rp2_common/pico_printf/printf.c.o
 .comment       0x0000000000000033       0x34 CMakeFiles/Stepper.dir/home/uzygncr/pico/pico-sdk/src/rp2_common/pico_clib_interface/newlib_interface.c.o
 .comment       0x0000000000000033       0x34 CMakeFiles/Stepper.dir/home/uzygncr/pico/pico-sdk/src/rp2_common/pico_stdio/stdio.c.o
 .comment       0x0000000000000033       0x34 /usr/lib/gcc/arm-none-eabi/10.3.1/../../../arm-none-eabi/lib/thumb/v6-m/nofp/libg.a(lib_a-strlen-stub.o)
 .comment       0x0000000000000033       0x34 /usr/lib/gcc/arm-none-eabi/10.3.1/thumb/v6-m/nofp/crtend.o

.debug_info     0x0000000000000000    0x1b28a
 .debug_info    0x0000000000000000      0xe4f CMakeFiles/Stepper.dir/Stepper.cpp.o
 .debug_info    0x0000000000000e4f      0x19c CMakeFiles/Stepper.dir/home/uzygncr/pico/pico-sdk/src/rp2_common/pico_platform_panic/panic.c.o
 .debug_info    0x0000000000000feb      0x1eb CMakeFiles/Stepper.dir/home/uzygncr/pico/pico-sdk/src/rp2_common/pico_unique_id/unique_id.c.o
 .debug_info    0x00000000000011d6      0xfac CMakeFiles/Stepper.dir/home/uzygncr/pico/pico-sdk/src/rp2_common/hardware_flash/flash.c.o
 .debug_info    0x0000000000002182      0xa39 CMakeFiles/Stepper.dir/home/uzygncr/pico/pico-sdk/src/common/hardware_claim/claim.c.o
 .debug_info    0x0000000000002bbb      0x3dd CMakeFiles/Stepper.dir/home/uzygncr/pico/pico-sdk/src/rp2_common/hardware_sync/sync.c.o
 .debug_info    0x0000000000002f98      0x242 CMakeFiles/Stepper.dir/home/uzygncr/pico/pico-sdk/src/rp2_common/hardware_sync_spin_lock/sync_spin_lock.c.o
 .debug_info    0x00000000000031da      0x4a4 CMakeFiles/Stepper.dir/home/uzygncr/pico/pico-sdk/src/rp2_common/pico_bootrom/bootrom.c.o
 .debug_info    0x000000000000367e     0x49ac CMakeFiles/Stepper.dir/home/uzygncr/pico/pico-sdk/src/common/pico_time/time.c.o
 .debug_info    0x000000000000802a     0x2ac2 CMakeFiles/Stepper.dir/home/uzygncr/pico/pico-sdk/src/rp2_common/hardware_timer/timer.c.o
 .debug_info    0x000000000000aaec     0x21fa CMakeFiles/Stepper.dir/home/uzygncr/pico/pico-sdk/src/rp2_common/hardware_irq/irq.c.o
 .debug_info    0x000000000000cce6      0x154 CMakeFiles/Stepper.dir/home/uzygncr/pico/pico-sdk/src/common/pico_sync/lock_core.c.o
 .debug_info    0x000000000000ce3a     0x2a97 CMakeFiles/Stepper.dir/home/uzygncr/pico/pico-sdk/src/common/pico_sync/mutex.c.o
 .debug_info    0x000000000000f8d1     0x28ea CMakeFiles/Stepper.dir/home/uzygncr/pico/pico-sdk/src/rp2_common/hardware_clocks/clocks.c.o
 .debug_info    0x00000000000121bb     0x24d4 CMakeFiles/Stepper.dir/home/uzygncr/pico/pico-sdk/src/rp2_common/hardware_gpio/gpio.c.o
 .debug_info    0x000000000001468f      0x4f9 CMakeFiles/Stepper.dir/home/uzygncr/pico/pico-sdk/src/rp2_common/hardware_pll/pll.c.o
 .debug_info    0x0000000000014b88      0x242 CMakeFiles/Stepper.dir/home/uzygncr/pico/pico-sdk/src/rp2_common/hardware_ticks/ticks.c.o
 .debug_info    0x0000000000014dca      0x1c5 CMakeFiles/Stepper.dir/home/uzygncr/pico/pico-sdk/src/rp2_common/hardware_xosc/xosc.c.o
 .debug_info    0x0000000000014f8f      0x208 CMakeFiles/Stepper.dir/home/uzygncr/pico/pico-sdk/src/rp2_common/pico_runtime/runtime.c.o
 .debug_info    0x0000000000015197      0x7c4 CMakeFiles/Stepper.dir/home/uzygncr/pico/pico-sdk/src/rp2_common/pico_runtime_init/runtime_init.c.o
 .debug_info    0x000000000001595b      0x701 CMakeFiles/Stepper.dir/home/uzygncr/pico/pico-sdk/src/rp2_common/pico_runtime_init/runtime_init_clocks.c.o
 .debug_info    0x000000000001605c       0x22 CMakeFiles/Stepper.dir/home/uzygncr/pico/pico-sdk/src/rp2_common/pico_bit_ops/bit_ops_aeabi.S.o
 .debug_info    0x000000000001607e       0x22 CMakeFiles/Stepper.dir/home/uzygncr/pico/pico-sdk/src/rp2_common/pico_divider/divider_hardware.S.o
 .debug_info    0x00000000000160a0       0x22 CMakeFiles/Stepper.dir/home/uzygncr/pico/pico-sdk/src/rp2_common/pico_double/double_aeabi_rp2040.S.o
 .debug_info    0x00000000000160c2      0x24e CMakeFiles/Stepper.dir/home/uzygncr/pico/pico-sdk/src/rp2_common/pico_double/double_init_rom_rp2040.c.o
 .debug_info    0x0000000000016310       0x26 CMakeFiles/Stepper.dir/home/uzygncr/pico/pico-sdk/src/rp2_common/pico_double/double_v1_rom_shim_rp2040.S.o
 .debug_info    0x0000000000016336       0x26 CMakeFiles/Stepper.dir/home/uzygncr/pico/pico-sdk/src/rp2_common/pico_int64_ops/pico_int64_ops_aeabi.S.o
 .debug_info    0x000000000001635c       0x22 CMakeFiles/Stepper.dir/home/uzygncr/pico/pico-sdk/src/rp2_common/pico_float/float_aeabi_rp2040.S.o
 .debug_info    0x000000000001637e      0x246 CMakeFiles/Stepper.dir/home/uzygncr/pico/pico-sdk/src/rp2_common/pico_float/float_init_rom_rp2040.c.o
 .debug_info    0x00000000000165c4       0x22 CMakeFiles/Stepper.dir/home/uzygncr/pico/pico-sdk/src/rp2_common/pico_mem_ops/mem_ops_aeabi.S.o
 .debug_info    0x00000000000165e6      0x2cb CMakeFiles/Stepper.dir/home/uzygncr/pico/pico-sdk/src/rp2_common/pico_standard_binary_info/standard_binary_info.c.o
 .debug_info    0x00000000000168b1     0x21b1 CMakeFiles/Stepper.dir/home/uzygncr/pico/pico-sdk/src/rp2_common/pico_printf/printf.c.o
 .debug_info    0x0000000000018a62       0x22 CMakeFiles/Stepper.dir/home/uzygncr/pico/pico-sdk/src/rp2_common/pico_crt0/crt0.S.o
 .debug_info    0x0000000000018a84      0xb4e CMakeFiles/Stepper.dir/home/uzygncr/pico/pico-sdk/src/rp2_common/pico_clib_interface/newlib_interface.c.o
 .debug_info    0x00000000000195d2     0x1ba4 CMakeFiles/Stepper.dir/home/uzygncr/pico/pico-sdk/src/rp2_common/pico_stdio/stdio.c.o
 .debug_info    0x000000000001b176       0x26 /usr/lib/gcc/arm-none-eabi/10.3.1/thumb/v6-m/nofp/libgcc.a(_dvmd_tls.o)
 .debug_info    0x000000000001b19c       0xee /usr/lib/gcc/arm-none-eabi/10.3.1/../../../arm-none-eabi/lib/thumb/v6-m/nofp/libg.a(lib_a-strlen-stub.o)

.debug_abbrev   0x0000000000000000     0x4be3
 .debug_abbrev  0x0000000000000000      0x320 CMakeFiles/Stepper.dir/Stepper.cpp.o
 .debug_abbrev  0x0000000000000320       0xf4 CMakeFiles/Stepper.dir/home/uzygncr/pico/pico-sdk/src/rp2_common/pico_platform_panic/panic.c.o
 .debug_abbrev  0x0000000000000414      0x14d CMakeFiles/Stepper.dir/home/uzygncr/pico/pico-sdk/src/rp2_common/pico_unique_id/unique_id.c.o
 .debug_abbrev  0x0000000000000561      0x359 CMakeFiles/Stepper.dir/home/uzygncr/pico/pico-sdk/src/rp2_common/hardware_flash/flash.c.o
 .debug_abbrev  0x00000000000008ba      0x2e6 CMakeFiles/Stepper.dir/home/uzygncr/pico/pico-sdk/src/common/hardware_claim/claim.c.o
 .debug_abbrev  0x0000000000000ba0      0x1de CMakeFiles/Stepper.dir/home/uzygncr/pico/pico-sdk/src/rp2_common/hardware_sync/sync.c.o
 .debug_abbrev  0x0000000000000d7e      0x1b2 CMakeFiles/Stepper.dir/home/uzygncr/pico/pico-sdk/src/rp2_common/hardware_sync_spin_lock/sync_spin_lock.c.o
 .debug_abbrev  0x0000000000000f30      0x1d9 CMakeFiles/Stepper.dir/home/uzygncr/pico/pico-sdk/src/rp2_common/pico_bootrom/bootrom.c.o
 .debug_abbrev  0x0000000000001109      0x606 CMakeFiles/Stepper.dir/home/uzygncr/pico/pico-sdk/src/common/pico_time/time.c.o
 .debug_abbrev  0x000000000000170f      0x49d CMakeFiles/Stepper.dir/home/uzygncr/pico/pico-sdk/src/rp2_common/hardware_timer/timer.c.o
 .debug_abbrev  0x0000000000001bac      0x588 CMakeFiles/Stepper.dir/home/uzygncr/pico/pico-sdk/src/rp2_common/hardware_irq/irq.c.o
 .debug_abbrev  0x0000000000002134       0xee CMakeFiles/Stepper.dir/home/uzygncr/pico/pico-sdk/src/common/pico_sync/lock_core.c.o
 .debug_abbrev  0x0000000000002222      0x413 CMakeFiles/Stepper.dir/home/uzygncr/pico/pico-sdk/src/common/pico_sync/mutex.c.o
 .debug_abbrev  0x0000000000002635      0x49f CMakeFiles/Stepper.dir/home/uzygncr/pico/pico-sdk/src/rp2_common/hardware_clocks/clocks.c.o
 .debug_abbrev  0x0000000000002ad4      0x4b6 CMakeFiles/Stepper.dir/home/uzygncr/pico/pico-sdk/src/rp2_common/hardware_gpio/gpio.c.o
 .debug_abbrev  0x0000000000002f8a      0x1c6 CMakeFiles/Stepper.dir/home/uzygncr/pico/pico-sdk/src/rp2_common/hardware_pll/pll.c.o
 .debug_abbrev  0x0000000000003150      0x141 CMakeFiles/Stepper.dir/home/uzygncr/pico/pico-sdk/src/rp2_common/hardware_ticks/ticks.c.o
 .debug_abbrev  0x0000000000003291      0x118 CMakeFiles/Stepper.dir/home/uzygncr/pico/pico-sdk/src/rp2_common/hardware_xosc/xosc.c.o
 .debug_abbrev  0x00000000000033a9      0x16c CMakeFiles/Stepper.dir/home/uzygncr/pico/pico-sdk/src/rp2_common/pico_runtime/runtime.c.o
 .debug_abbrev  0x0000000000003515      0x20c CMakeFiles/Stepper.dir/home/uzygncr/pico/pico-sdk/src/rp2_common/pico_runtime_init/runtime_init.c.o
 .debug_abbrev  0x0000000000003721      0x246 CMakeFiles/Stepper.dir/home/uzygncr/pico/pico-sdk/src/rp2_common/pico_runtime_init/runtime_init_clocks.c.o
 .debug_abbrev  0x0000000000003967       0x12 CMakeFiles/Stepper.dir/home/uzygncr/pico/pico-sdk/src/rp2_common/pico_bit_ops/bit_ops_aeabi.S.o
 .debug_abbrev  0x0000000000003979       0x12 CMakeFiles/Stepper.dir/home/uzygncr/pico/pico-sdk/src/rp2_common/pico_divider/divider_hardware.S.o
 .debug_abbrev  0x000000000000398b       0x12 CMakeFiles/Stepper.dir/home/uzygncr/pico/pico-sdk/src/rp2_common/pico_double/double_aeabi_rp2040.S.o
 .debug_abbrev  0x000000000000399d      0x179 CMakeFiles/Stepper.dir/home/uzygncr/pico/pico-sdk/src/rp2_common/pico_double/double_init_rom_rp2040.c.o
 .debug_abbrev  0x0000000000003b16       0x14 CMakeFiles/Stepper.dir/home/uzygncr/pico/pico-sdk/src/rp2_common/pico_double/double_v1_rom_shim_rp2040.S.o
 .debug_abbrev  0x0000000000003b2a       0x14 CMakeFiles/Stepper.dir/home/uzygncr/pico/pico-sdk/src/rp2_common/pico_int64_ops/pico_int64_ops_aeabi.S.o
 .debug_abbrev  0x0000000000003b3e       0x12 CMakeFiles/Stepper.dir/home/uzygncr/pico/pico-sdk/src/rp2_common/pico_float/float_aeabi_rp2040.S.o
 .debug_abbrev  0x0000000000003b50      0x166 CMakeFiles/Stepper.dir/home/uzygncr/pico/pico-sdk/src/rp2_common/pico_float/float_init_rom_rp2040.c.o
 .debug_abbrev  0x0000000000003cb6       0x12 CMakeFiles/Stepper.dir/home/uzygncr/pico/pico-sdk/src/rp2_common/pico_mem_ops/mem_ops_aeabi.S.o
 .debug_abbrev  0x0000000000003cc8       0xad CMakeFiles/Stepper.dir/home/uzygncr/pico/pico-sdk/src/rp2_common/pico_standard_binary_info/standard_binary_info.c.o
 .debug_abbrev  0x0000000000003d75      0x517 CMakeFiles/Stepper.dir/home/uzygncr/pico/pico-sdk/src/rp2_common/pico_printf/printf.c.o
 .debug_abbrev  0x000000000000428c       0x12 CMakeFiles/Stepper.dir/home/uzygncr/pico/pico-sdk/src/rp2_common/pico_crt0/crt0.S.o
 .debug_abbrev  0x000000000000429e      0x315 CMakeFiles/Stepper.dir/home/uzygncr/pico/pico-sdk/src/rp2_common/pico_clib_interface/newlib_interface.c.o
 .debug_abbrev  0x00000000000045b3      0x58d CMakeFiles/Stepper.dir/home/uzygncr/pico/pico-sdk/src/rp2_common/pico_stdio/stdio.c.o
 .debug_abbrev  0x0000000000004b40       0x14 /usr/lib/gcc/arm-none-eabi/10.3.1/thumb/v6-m/nofp/libgcc.a(_dvmd_tls.o)
 .debug_abbrev  0x0000000000004b54       0x8f /usr/lib/gcc/arm-none-eabi/10.3.1/../../../arm-none-eabi/lib/thumb/v6-m/nofp/libg.a(lib_a-strlen-stub.o)

.debug_loc      0x0000000000000000    0x17b28
 .debug_loc     0x0000000000000000      0x76c CMakeFiles/Stepper.dir/Stepper.cpp.o
 .debug_loc     0x000000000000076c      0x4aa CMakeFiles/Stepper.dir/home/uzygncr/pico/pico-sdk/src/rp2_common/pico_unique_id/unique_id.c.o
 .debug_loc     0x0000000000000c16      0xbb0 CMakeFiles/Stepper.dir/home/uzygncr/pico/pico-sdk/src/rp2_common/hardware_flash/flash.c.o
 .debug_loc     0x00000000000017c6      0x6c7 CMakeFiles/Stepper.dir/home/uzygncr/pico/pico-sdk/src/common/hardware_claim/claim.c.o
 .debug_loc     0x0000000000001e8d      0x154 CMakeFiles/Stepper.dir/home/uzygncr/pico/pico-sdk/src/rp2_common/hardware_sync/sync.c.o
 .debug_loc     0x0000000000001fe1       0xb5 CMakeFiles/Stepper.dir/home/uzygncr/pico/pico-sdk/src/rp2_common/hardware_sync_spin_lock/sync_spin_lock.c.o
 .debug_loc     0x0000000000002096      0x4a4 CMakeFiles/Stepper.dir/home/uzygncr/pico/pico-sdk/src/rp2_common/pico_bootrom/bootrom.c.o
 .debug_loc     0x000000000000253a     0x401c CMakeFiles/Stepper.dir/home/uzygncr/pico/pico-sdk/src/common/pico_time/time.c.o
 .debug_loc     0x0000000000006556     0x2541 CMakeFiles/Stepper.dir/home/uzygncr/pico/pico-sdk/src/rp2_common/hardware_timer/timer.c.o
 .debug_loc     0x0000000000008a97     0x1b3c CMakeFiles/Stepper.dir/home/uzygncr/pico/pico-sdk/src/rp2_common/hardware_irq/irq.c.o
 .debug_loc     0x000000000000a5d3       0x4d CMakeFiles/Stepper.dir/home/uzygncr/pico/pico-sdk/src/common/pico_sync/lock_core.c.o
 .debug_loc     0x000000000000a620     0x1b8e CMakeFiles/Stepper.dir/home/uzygncr/pico/pico-sdk/src/common/pico_sync/mutex.c.o
 .debug_loc     0x000000000000c1ae     0x31ea CMakeFiles/Stepper.dir/home/uzygncr/pico/pico-sdk/src/rp2_common/hardware_clocks/clocks.c.o
 .debug_loc     0x000000000000f398     0x2956 CMakeFiles/Stepper.dir/home/uzygncr/pico/pico-sdk/src/rp2_common/hardware_gpio/gpio.c.o
 .debug_loc     0x0000000000011cee      0x28f CMakeFiles/Stepper.dir/home/uzygncr/pico/pico-sdk/src/rp2_common/hardware_pll/pll.c.o
 .debug_loc     0x0000000000011f7d       0x57 CMakeFiles/Stepper.dir/home/uzygncr/pico/pico-sdk/src/rp2_common/hardware_ticks/ticks.c.o
 .debug_loc     0x0000000000011fd4       0x71 CMakeFiles/Stepper.dir/home/uzygncr/pico/pico-sdk/src/rp2_common/hardware_xosc/xosc.c.o
 .debug_loc     0x0000000000012045       0xbc CMakeFiles/Stepper.dir/home/uzygncr/pico/pico-sdk/src/rp2_common/pico_runtime/runtime.c.o
 .debug_loc     0x0000000000012101      0x11c CMakeFiles/Stepper.dir/home/uzygncr/pico/pico-sdk/src/rp2_common/pico_runtime_init/runtime_init.c.o
 .debug_loc     0x000000000001221d       0xa7 CMakeFiles/Stepper.dir/home/uzygncr/pico/pico-sdk/src/rp2_common/pico_runtime_init/runtime_init_clocks.c.o
 .debug_loc     0x00000000000122c4       0x44 CMakeFiles/Stepper.dir/home/uzygncr/pico/pico-sdk/src/rp2_common/pico_double/double_init_rom_rp2040.c.o
 .debug_loc     0x0000000000012308       0x74 CMakeFiles/Stepper.dir/home/uzygncr/pico/pico-sdk/src/rp2_common/pico_float/float_init_rom_rp2040.c.o
 .debug_loc     0x000000000001237c     0x3c08 CMakeFiles/Stepper.dir/home/uzygncr/pico/pico-sdk/src/rp2_common/pico_printf/printf.c.o
 .debug_loc     0x0000000000015f84      0x5b1 CMakeFiles/Stepper.dir/home/uzygncr/pico/pico-sdk/src/rp2_common/pico_clib_interface/newlib_interface.c.o
 .debug_loc     0x0000000000016535     0x1563 CMakeFiles/Stepper.dir/home/uzygncr/pico/pico-sdk/src/rp2_common/pico_stdio/stdio.c.o
 .debug_loc     0x0000000000017a98       0x90 /usr/lib/gcc/arm-none-eabi/10.3.1/../../../arm-none-eabi/lib/thumb/v6-m/nofp/libg.a(lib_a-strlen-stub.o)

.debug_aranges  0x0000000000000000      0xe58
 .debug_aranges
                0x0000000000000000       0x48 CMakeFiles/Stepper.dir/Stepper.cpp.o
 .debug_aranges
                0x0000000000000048       0x28 CMakeFiles/Stepper.dir/home/uzygncr/pico/pico-sdk/src/rp2_common/pico_platform_panic/panic.c.o
 .debug_aranges
                0x0000000000000070       0x30 CMakeFiles/Stepper.dir/home/uzygncr/pico/pico-sdk/src/rp2_common/pico_unique_id/unique_id.c.o
 .debug_aranges
                0x00000000000000a0       0x60 CMakeFiles/Stepper.dir/home/uzygncr/pico/pico-sdk/src/rp2_common/hardware_flash/flash.c.o
 .debug_aranges
                0x0000000000000100       0x48 CMakeFiles/Stepper.dir/home/uzygncr/pico/pico-sdk/src/common/hardware_claim/claim.c.o
 .debug_aranges
                0x0000000000000148       0x48 CMakeFiles/Stepper.dir/home/uzygncr/pico/pico-sdk/src/rp2_common/hardware_sync/sync.c.o
 .debug_aranges
                0x0000000000000190       0x28 CMakeFiles/Stepper.dir/home/uzygncr/pico/pico-sdk/src/rp2_common/hardware_sync_spin_lock/sync_spin_lock.c.o
 .debug_aranges
                0x00000000000001b8       0x40 CMakeFiles/Stepper.dir/home/uzygncr/pico/pico-sdk/src/rp2_common/pico_bootrom/bootrom.c.o
 .debug_aranges
                0x00000000000001f8       0xe0 CMakeFiles/Stepper.dir/home/uzygncr/pico/pico-sdk/src/common/pico_time/time.c.o
 .debug_aranges
                0x00000000000002d8       0xf0 CMakeFiles/Stepper.dir/home/uzygncr/pico/pico-sdk/src/rp2_common/hardware_timer/timer.c.o
 .debug_aranges
                0x00000000000003c8       0xb0 CMakeFiles/Stepper.dir/home/uzygncr/pico/pico-sdk/src/rp2_common/hardware_irq/irq.c.o
 .debug_aranges
                0x0000000000000478       0x20 CMakeFiles/Stepper.dir/home/uzygncr/pico/pico-sdk/src/common/pico_sync/lock_core.c.o
 .debug_aranges
                0x0000000000000498       0x98 CMakeFiles/Stepper.dir/home/uzygncr/pico/pico-sdk/src/common/pico_sync/mutex.c.o
 .debug_aranges
                0x0000000000000530       0x90 CMakeFiles/Stepper.dir/home/uzygncr/pico/pico-sdk/src/rp2_common/hardware_clocks/clocks.c.o
 .debug_aranges
                0x00000000000005c0      0x120 CMakeFiles/Stepper.dir/home/uzygncr/pico/pico-sdk/src/rp2_common/hardware_gpio/gpio.c.o
 .debug_aranges
                0x00000000000006e0       0x28 CMakeFiles/Stepper.dir/home/uzygncr/pico/pico-sdk/src/rp2_common/hardware_pll/pll.c.o
 .debug_aranges
                0x0000000000000708       0x30 CMakeFiles/Stepper.dir/home/uzygncr/pico/pico-sdk/src/rp2_common/hardware_ticks/ticks.c.o
 .debug_aranges
                0x0000000000000738       0x30 CMakeFiles/Stepper.dir/home/uzygncr/pico/pico-sdk/src/rp2_common/hardware_xosc/xosc.c.o
 .debug_aranges
                0x0000000000000768       0x38 CMakeFiles/Stepper.dir/home/uzygncr/pico/pico-sdk/src/rp2_common/pico_runtime/runtime.c.o
 .debug_aranges
                0x00000000000007a0       0x48 CMakeFiles/Stepper.dir/home/uzygncr/pico/pico-sdk/src/rp2_common/pico_runtime_init/runtime_init.c.o
 .debug_aranges
                0x00000000000007e8       0x20 CMakeFiles/Stepper.dir/home/uzygncr/pico/pico-sdk/src/rp2_common/pico_runtime_init/runtime_init_clocks.c.o
 .debug_aranges
                0x0000000000000808       0x60 CMakeFiles/Stepper.dir/home/uzygncr/pico/pico-sdk/src/rp2_common/pico_bit_ops/bit_ops_aeabi.S.o
 .debug_aranges
                0x0000000000000868       0x40 CMakeFiles/Stepper.dir/home/uzygncr/pico/pico-sdk/src/rp2_common/pico_divider/divider_hardware.S.o
 .debug_aranges
                0x00000000000008a8      0x140 CMakeFiles/Stepper.dir/home/uzygncr/pico/pico-sdk/src/rp2_common/pico_double/double_aeabi_rp2040.S.o
 .debug_aranges
                0x00000000000009e8       0x28 CMakeFiles/Stepper.dir/home/uzygncr/pico/pico-sdk/src/rp2_common/pico_double/double_init_rom_rp2040.c.o
 .debug_aranges
                0x0000000000000a10       0x20 CMakeFiles/Stepper.dir/home/uzygncr/pico/pico-sdk/src/rp2_common/pico_double/double_v1_rom_shim_rp2040.S.o
 .debug_aranges
                0x0000000000000a30       0x20 CMakeFiles/Stepper.dir/home/uzygncr/pico/pico-sdk/src/rp2_common/pico_int64_ops/pico_int64_ops_aeabi.S.o
 .debug_aranges
                0x0000000000000a50      0x130 CMakeFiles/Stepper.dir/home/uzygncr/pico/pico-sdk/src/rp2_common/pico_float/float_aeabi_rp2040.S.o
 .debug_aranges
                0x0000000000000b80       0x28 CMakeFiles/Stepper.dir/home/uzygncr/pico/pico-sdk/src/rp2_common/pico_float/float_init_rom_rp2040.c.o
 .debug_aranges
                0x0000000000000ba8       0x38 CMakeFiles/Stepper.dir/home/uzygncr/pico/pico-sdk/src/rp2_common/pico_mem_ops/mem_ops_aeabi.S.o
 .debug_aranges
                0x0000000000000be0       0x18 CMakeFiles/Stepper.dir/home/uzygncr/pico/pico-sdk/src/rp2_common/pico_standard_binary_info/standard_binary_info.c.o
 .debug_aranges
                0x0000000000000bf8       0x90 CMakeFiles/Stepper.dir/home/uzygncr/pico/pico-sdk/src/rp2_common/pico_printf/printf.c.o
 .debug_aranges
                0x0000000000000c88       0x28 CMakeFiles/Stepper.dir/home/uzygncr/pico/pico-sdk/src/rp2_common/pico_crt0/crt0.S.o
 .debug_aranges
                0x0000000000000cb0       0xa0 CMakeFiles/Stepper.dir/home/uzygncr/pico/pico-sdk/src/rp2_common/pico_clib_interface/newlib_interface.c.o
 .debug_aranges
                0x0000000000000d50       0xc8 CMakeFiles/Stepper.dir/home/uzygncr/pico/pico-sdk/src/rp2_common/pico_stdio/stdio.c.o
 .debug_aranges
                0x0000000000000e18       0x20 /usr/lib/gcc/arm-none-eabi/10.3.1/thumb/v6-m/nofp/libgcc.a(_dvmd_tls.o)
 .debug_aranges
                0x0000000000000e38       0x20 /usr/lib/gcc/arm-none-eabi/10.3.1/../../../arm-none-eabi/lib/thumb/v6-m/nofp/libg.a(lib_a-strlen-stub.o)

.debug_ranges   0x0000000000000000     0x8738
 .debug_ranges  0x0000000000000000      0x248 CMakeFiles/Stepper.dir/Stepper.cpp.o
 .debug_ranges  0x0000000000000248       0x18 CMakeFiles/Stepper.dir/home/uzygncr/pico/pico-sdk/src/rp2_common/pico_platform_panic/panic.c.o
 .debug_ranges  0x0000000000000260       0xb0 CMakeFiles/Stepper.dir/home/uzygncr/pico/pico-sdk/src/rp2_common/pico_unique_id/unique_id.c.o
 .debug_ranges  0x0000000000000310      0x288 CMakeFiles/Stepper.dir/home/uzygncr/pico/pico-sdk/src/rp2_common/hardware_flash/flash.c.o
 .debug_ranges  0x0000000000000598      0x440 CMakeFiles/Stepper.dir/home/uzygncr/pico/pico-sdk/src/common/hardware_claim/claim.c.o
 .debug_ranges  0x00000000000009d8       0xd8 CMakeFiles/Stepper.dir/home/uzygncr/pico/pico-sdk/src/rp2_common/hardware_sync/sync.c.o
 .debug_ranges  0x0000000000000ab0       0xa8 CMakeFiles/Stepper.dir/home/uzygncr/pico/pico-sdk/src/rp2_common/hardware_sync_spin_lock/sync_spin_lock.c.o
 .debug_ranges  0x0000000000000b58      0x118 CMakeFiles/Stepper.dir/home/uzygncr/pico/pico-sdk/src/rp2_common/pico_bootrom/bootrom.c.o
 .debug_ranges  0x0000000000000c70     0x1e68 CMakeFiles/Stepper.dir/home/uzygncr/pico/pico-sdk/src/common/pico_time/time.c.o
 .debug_ranges  0x0000000000002ad8      0xe68 CMakeFiles/Stepper.dir/home/uzygncr/pico/pico-sdk/src/rp2_common/hardware_timer/timer.c.o
 .debug_ranges  0x0000000000003940      0xa38 CMakeFiles/Stepper.dir/home/uzygncr/pico/pico-sdk/src/rp2_common/hardware_irq/irq.c.o
 .debug_ranges  0x0000000000004378       0x28 CMakeFiles/Stepper.dir/home/uzygncr/pico/pico-sdk/src/common/pico_sync/lock_core.c.o
 .debug_ranges  0x00000000000043a0     0x16b0 CMakeFiles/Stepper.dir/home/uzygncr/pico/pico-sdk/src/common/pico_sync/mutex.c.o
 .debug_ranges  0x0000000000005a50      0xac8 CMakeFiles/Stepper.dir/home/uzygncr/pico/pico-sdk/src/rp2_common/hardware_clocks/clocks.c.o
 .debug_ranges  0x0000000000006518      0xd28 CMakeFiles/Stepper.dir/home/uzygncr/pico/pico-sdk/src/rp2_common/hardware_gpio/gpio.c.o
 .debug_ranges  0x0000000000007240       0xd8 CMakeFiles/Stepper.dir/home/uzygncr/pico/pico-sdk/src/rp2_common/hardware_pll/pll.c.o
 .debug_ranges  0x0000000000007318       0x38 CMakeFiles/Stepper.dir/home/uzygncr/pico/pico-sdk/src/rp2_common/hardware_ticks/ticks.c.o
 .debug_ranges  0x0000000000007350       0x38 CMakeFiles/Stepper.dir/home/uzygncr/pico/pico-sdk/src/rp2_common/hardware_xosc/xosc.c.o
 .debug_ranges  0x0000000000007388       0x58 CMakeFiles/Stepper.dir/home/uzygncr/pico/pico-sdk/src/rp2_common/pico_runtime/runtime.c.o
 .debug_ranges  0x00000000000073e0       0xb0 CMakeFiles/Stepper.dir/home/uzygncr/pico/pico-sdk/src/rp2_common/pico_runtime_init/runtime_init.c.o
 .debug_ranges  0x0000000000007490       0x28 CMakeFiles/Stepper.dir/home/uzygncr/pico/pico-sdk/src/rp2_common/pico_runtime_init/runtime_init_clocks.c.o
 .debug_ranges  0x00000000000074b8       0x58 CMakeFiles/Stepper.dir/home/uzygncr/pico/pico-sdk/src/rp2_common/pico_bit_ops/bit_ops_aeabi.S.o
 .debug_ranges  0x0000000000007510       0x38 CMakeFiles/Stepper.dir/home/uzygncr/pico/pico-sdk/src/rp2_common/pico_divider/divider_hardware.S.o
 .debug_ranges  0x0000000000007548      0x138 CMakeFiles/Stepper.dir/home/uzygncr/pico/pico-sdk/src/rp2_common/pico_double/double_aeabi_rp2040.S.o